<html>
<body>
<pre>
<h1>µVision Build Log</h1>
<h2>Tool Versions:</h2>
IDE-Version: ¦ÌVision V5.25.0.0
Copyright (C) 2017 ARM Ltd and ARM Germany GmbH. All rights reserved.
License Information: 1 BW010320, 11, LIC=FYKYW-QXS86-UHF8H-WS5CP-BAKNJ-33D6H
 
Tool Versions:
Toolchain:       MDK-ARM Plus  Version: 5.25.0.0
Toolchain Path:  C:\Keil_v5\ARM\ARMCC\Bin
C Compiler:      Armcc.exe V5.06 update 6 (build 750)
Assembler:       Armasm.exe V5.06 update 6 (build 750)
Linker/Locator:  ArmLink.exe V5.06 update 6 (build 750)
Library Manager: ArmAr.exe V5.06 update 6 (build 750)
Hex Converter:   FromElf.exe V5.06 update 6 (build 750)
CPU DLL:         SARMCM3.DLL V5.25.0.0
Dialog DLL:      DCM.DLL V1.17.0.0
Target DLL:      Segger\JL2CM3.dll V2.99.28.0
Dialog DLL:      TCM.DLL V1.34.0.0
 
<h2>Project:</h2>
E:\document\STM32USBTEST - USB´®¿ÚÑéÖ¤\MDK-ARM\STM32USBTEST.uvprojx
Project File Date:  12/23/2024

<h2>Output:</h2>
*** Using Compiler 'V5.06 update 6 (build 750)', folder: 'C:\Keil_v5\ARM\ARMCC\Bin'
Rebuild target 'STM32USBTEST'
assembling startup_stm32f407xx.s...
compiling stm32f4xx_hal_pcd_ex.c...
compiling usart.c...
compiling gpio.c...
compiling stm32f4xx_hal_msp.c...
compiling usbd_desc.c...
compiling main.c...
../Core/Src/main.c(102): warning:  #177-D: variable "p"  was declared but never referenced
    unsigned char * p=send;
../Core/Src/main.c(103): warning:  #177-D: variable "get"  was declared but never referenced
    unsigned char get[2048];
../Core/Src/main.c: 2 warnings, 0 errors
compiling usbd_cdc_if.c...
../USB_DEVICE/App/usbd_cdc_if.c(272): warning:  #177-D: variable "CompleteBuffer"  was declared but never referenced
  	static uint8_t CompleteBuffer[64];
../USB_DEVICE/App/usbd_cdc_if.c: 1 warning, 0 errors
compiling usb_device.c...
compiling stm32f4xx_it.c...
compiling usbd_conf.c...
../USB_DEVICE/Target/usbd_conf.c(71): warning:  #177-D: variable "GPIO_InitStruct"  was declared but never referenced
    GPIO_InitTypeDef GPIO_InitStruct = {0};
../USB_DEVICE/Target/usbd_conf.c: 1 warning, 0 errors
compiling stm32f4xx_hal_pcd.c...
compiling stm32f4xx_hal_dma.c...
compiling stm32f4xx_hal_flash_ex.c...
compiling stm32f4xx_hal_flash_ramfunc.c...
compiling stm32f4xx_hal_gpio.c...
compiling stm32f4xx_hal_rcc_ex.c...
compiling stm32f4xx_hal_pwr.c...
compiling stm32f4xx_hal_flash.c...
compiling stm32f4xx_hal_dma_ex.c...
compiling stm32f4xx_hal_pwr_ex.c...
compiling stm32f4xx_hal_rcc.c...
compiling stm32f4xx_ll_usb.c...
compiling stm32f4xx_hal.c...
compiling system_stm32f4xx.c...
compiling stm32f4xx_hal_tim_ex.c...
compiling stm32f4xx_hal_tim.c...
compiling stm32f4xx_hal_exti.c...
compiling usbd_ioreq.c...
compiling usbd_ctlreq.c...
compiling stm32f4xx_hal_cortex.c...
compiling usbd_core.c...
compiling usbd_cdc.c...
compiling stm32f4xx_hal_uart.c...
linking...
Program Size: Code=15784 RO-data=3412 RW-data=272 ZI-data=14416  
FromELF: creating hex file...
"STM32USBTEST\STM32USBTEST.axf" - 0 Error(s), 4 Warning(s).

<h2>Software Packages used:</h2>

Package Vendor: ARM
                http://www.keil.com/pack/ARM.CMSIS.5.2.0.pack
                ARM.CMSIS.5.2.0
                CMSIS (Cortex Microcontroller Software Interface Standard)
   * Component: CORE Version: 5.0.2

Package Vendor: Keil
                http://www.keil.com/pack/Keil.STM32F4xx_DFP.2.13.0.pack
                Keil.STM32F4xx_DFP.2.13.0
                STMicroelectronics STM32F4 Series Device Support, Drivers and Examples

<h2>Collection of Component include folders:</h2>
  .\RTE\_STM32USBTEST
  C:\Keil_v5\ARM\PACK\ARM\CMSIS\5.2.0\CMSIS\Include
  C:\Keil_v5\ARM\PACK\Keil\STM32F4xx_DFP\2.13.0\Drivers\CMSIS\Device\ST\STM32F4xx\Include

<h2>Collection of Component Files used:</h2>

   * Component: ARM::CMSIS:CORE:5.0.2
Build Time Elapsed:  00:00:12
</pre>
</body>
</html>
