Component: ARM Compiler 5.06 update 6 (build 750) Tool: armlink [4d35ed]

==============================================================================

Section Cross References

    startup_stm32f407xx.o(RESET) refers to startup_stm32f407xx.o(STACK) for __initial_sp
    startup_stm32f407xx.o(RESET) refers to startup_stm32f407xx.o(.text) for Reset_Handler
    startup_stm32f407xx.o(RESET) refers to stm32f4xx_it.o(i.NMI_Handler) for NMI_Handler
    startup_stm32f407xx.o(RESET) refers to stm32f4xx_it.o(i.HardFault_Handler) for HardFault_Handler
    startup_stm32f407xx.o(RESET) refers to stm32f4xx_it.o(i.MemManage_Handler) for MemManage_Handler
    startup_stm32f407xx.o(RESET) refers to stm32f4xx_it.o(i.BusFault_Handler) for BusFault_Handler
    startup_stm32f407xx.o(RESET) refers to stm32f4xx_it.o(i.UsageFault_Handler) for UsageFault_Handler
    startup_stm32f407xx.o(RESET) refers to stm32f4xx_it.o(i.SVC_Handler) for SVC_Handler
    startup_stm32f407xx.o(RESET) refers to stm32f4xx_it.o(i.DebugMon_Handler) for DebugMon_Handler
    startup_stm32f407xx.o(RESET) refers to stm32f4xx_it.o(i.PendSV_Handler) for PendSV_Handler
    startup_stm32f407xx.o(RESET) refers to stm32f4xx_it.o(i.SysTick_Handler) for SysTick_Handler
    startup_stm32f407xx.o(RESET) refers to stm32f4xx_it.o(i.USART1_IRQHandler) for USART1_IRQHandler
    startup_stm32f407xx.o(RESET) refers to stm32f4xx_it.o(i.OTG_FS_IRQHandler) for OTG_FS_IRQHandler
    startup_stm32f407xx.o(.text) refers to system_stm32f4xx.o(i.SystemInit) for SystemInit
    startup_stm32f407xx.o(.text) refers to entry.o(.ARM.Collect$$$$00000000) for __main
    main.o(i.SystemClock_Config) refers to memseta.o(.text) for __aeabi_memclr4
    main.o(i.SystemClock_Config) refers to stm32f4xx_hal_rcc.o(i.HAL_RCC_OscConfig) for HAL_RCC_OscConfig
    main.o(i.SystemClock_Config) refers to stm32f4xx_hal_rcc.o(i.HAL_RCC_ClockConfig) for HAL_RCC_ClockConfig
    main.o(i.main) refers to stm32f4xx_hal.o(i.HAL_Init) for HAL_Init
    main.o(i.main) refers to main.o(i.SystemClock_Config) for SystemClock_Config
    main.o(i.main) refers to gpio.o(i.MX_GPIO_Init) for MX_GPIO_Init
    main.o(i.main) refers to usb_device.o(i.MX_USB_DEVICE_Init) for MX_USB_DEVICE_Init
    main.o(i.main) refers to usart.o(i.MX_USART1_UART_Init) for MX_USART1_UART_Init
    main.o(i.main) refers to printf3.o(i.__0printf$3) for __2printf
    main.o(i.main) refers to memcpya.o(.text) for __aeabi_memcpy4
    main.o(i.main) refers to main.o(i.delay_ms) for delay_ms
    main.o(i.main) refers to usbd_cdc_if.o(i.CDC_Transmit_FS) for CDC_Transmit_FS
    main.o(i.main) refers to memseta.o(.text) for __aeabi_memclr
    main.o(i.main) refers to main.o(.conststring) for .conststring
    main.o(i.main) refers to usbd_cdc_if.o(.data) for complete_rec
    main.o(i.main) refers to usbd_cdc_if.o(.bss) for CDC_Receive_Buffer
    usart.o(i.HAL_UART_MspDeInit) refers to stm32f4xx_hal_gpio.o(i.HAL_GPIO_DeInit) for HAL_GPIO_DeInit
    usart.o(i.HAL_UART_MspDeInit) refers to stm32f4xx_hal_cortex.o(i.HAL_NVIC_DisableIRQ) for HAL_NVIC_DisableIRQ
    usart.o(i.HAL_UART_MspInit) refers to memseta.o(.text) for __aeabi_memclr4
    usart.o(i.HAL_UART_MspInit) refers to stm32f4xx_hal_gpio.o(i.HAL_GPIO_Init) for HAL_GPIO_Init
    usart.o(i.HAL_UART_MspInit) refers to stm32f4xx_hal_cortex.o(i.HAL_NVIC_SetPriority) for HAL_NVIC_SetPriority
    usart.o(i.HAL_UART_MspInit) refers to stm32f4xx_hal_cortex.o(i.HAL_NVIC_EnableIRQ) for HAL_NVIC_EnableIRQ
    usart.o(i.MX_USART1_UART_Init) refers to stm32f4xx_hal_uart.o(i.HAL_UART_Init) for HAL_UART_Init
    usart.o(i.MX_USART1_UART_Init) refers to main.o(i.Error_Handler) for Error_Handler
    usart.o(i.MX_USART1_UART_Init) refers to usart.o(.bss) for .bss
    stm32f4xx_it.o(i.OTG_FS_IRQHandler) refers to stm32f4xx_hal_pcd.o(i.HAL_PCD_IRQHandler) for HAL_PCD_IRQHandler
    stm32f4xx_it.o(i.OTG_FS_IRQHandler) refers to usbd_conf.o(.bss) for hpcd_USB_OTG_FS
    stm32f4xx_it.o(i.SysTick_Handler) refers to stm32f4xx_hal.o(i.HAL_IncTick) for HAL_IncTick
    stm32f4xx_it.o(i.USART1_IRQHandler) refers to stm32f4xx_hal_uart.o(i.HAL_UART_IRQHandler) for HAL_UART_IRQHandler
    stm32f4xx_it.o(i.USART1_IRQHandler) refers to usart.o(.bss) for huart1
    usb_device.o(i.MX_USB_DEVICE_Init) refers to usbd_core.o(i.USBD_Init) for USBD_Init
    usb_device.o(i.MX_USB_DEVICE_Init) refers to main.o(i.Error_Handler) for Error_Handler
    usb_device.o(i.MX_USB_DEVICE_Init) refers to usbd_core.o(i.USBD_RegisterClass) for USBD_RegisterClass
    usb_device.o(i.MX_USB_DEVICE_Init) refers to usbd_cdc.o(i.USBD_CDC_RegisterInterface) for USBD_CDC_RegisterInterface
    usb_device.o(i.MX_USB_DEVICE_Init) refers to usbd_core.o(i.USBD_Start) for USBD_Start
    usb_device.o(i.MX_USB_DEVICE_Init) refers to usbd_desc.o(.data) for FS_Desc
    usb_device.o(i.MX_USB_DEVICE_Init) refers to usb_device.o(.bss) for .bss
    usb_device.o(i.MX_USB_DEVICE_Init) refers to usbd_cdc.o(.data) for USBD_CDC
[...]
    i.HAL_PCDEx_SetTxFiFo                    0x080007d6   Section        0  stm32f4xx_hal_pcd_ex.o(i.HAL_PCDEx_SetTxFiFo)
    i.HAL_PCD_ConnectCallback                0x0800081a   Section        0  usbd_conf.o(i.HAL_PCD_ConnectCallback)
    i.HAL_PCD_DataInStageCallback            0x08000822   Section        0  usbd_conf.o(i.HAL_PCD_DataInStageCallback)
    i.HAL_PCD_DataOutStageCallback           0x08000834   Section        0  usbd_conf.o(i.HAL_PCD_DataOutStageCallback)
    i.HAL_PCD_DisconnectCallback             0x08000848   Section        0  usbd_conf.o(i.HAL_PCD_DisconnectCallback)
    i.HAL_PCD_EP_Abort                       0x08000850   Section        0  stm32f4xx_hal_pcd.o(i.HAL_PCD_EP_Abort)
    i.HAL_PCD_EP_Close                       0x0800086e   Section        0  stm32f4xx_hal_pcd.o(i.HAL_PCD_EP_Close)
    i.HAL_PCD_EP_ClrStall                    0x080008ba   Section        0  stm32f4xx_hal_pcd.o(i.HAL_PCD_EP_ClrStall)
    i.HAL_PCD_EP_GetRxCount                  0x08000916   Section        0  stm32f4xx_hal_pcd.o(i.HAL_PCD_EP_GetRxCount)
    i.HAL_PCD_EP_Open                        0x08000928   Section        0  stm32f4xx_hal_pcd.o(i.HAL_PCD_EP_Open)
    i.HAL_PCD_EP_Receive                     0x08000988   Section        0  stm32f4xx_hal_pcd.o(i.HAL_PCD_EP_Receive)
    i.HAL_PCD_EP_SetStall                    0x080009d0   Section        0  stm32f4xx_hal_pcd.o(i.HAL_PCD_EP_SetStall)
    i.HAL_PCD_EP_Transmit                    0x08000a44   Section        0  stm32f4xx_hal_pcd.o(i.HAL_PCD_EP_Transmit)
    i.HAL_PCD_IRQHandler                     0x08000a84   Section        0  stm32f4xx_hal_pcd.o(i.HAL_PCD_IRQHandler)
    i.HAL_PCD_ISOINIncompleteCallback        0x08000fe4   Section        0  usbd_conf.o(i.HAL_PCD_ISOINIncompleteCallback)
    i.HAL_PCD_ISOOUTIncompleteCallback       0x08000fec   Section        0  usbd_conf.o(i.HAL_PCD_ISOOUTIncompleteCallback)
    i.HAL_PCD_Init                           0x08000ff4   Section        0  stm32f4xx_hal_pcd.o(i.HAL_PCD_Init)
    i.HAL_PCD_MspInit                        0x080010d8   Section        0  usbd_conf.o(i.HAL_PCD_MspInit)
    i.HAL_PCD_ResetCallback                  0x0800118c   Section        0  usbd_conf.o(i.HAL_PCD_ResetCallback)
    i.HAL_PCD_ResumeCallback                 0x080011b8   Section        0  usbd_conf.o(i.HAL_PCD_ResumeCallback)
    i.HAL_PCD_SOFCallback                    0x080011c0   Section        0  usbd_conf.o(i.HAL_PCD_SOFCallback)
    i.HAL_PCD_SetAddress                     0x080011c8   Section        0  stm32f4xx_hal_pcd.o(i.HAL_PCD_SetAddress)
    i.HAL_PCD_SetupStageCallback             0x080011f0   Section        0  usbd_conf.o(i.HAL_PCD_SetupStageCallback)
    i.HAL_PCD_Start                          0x080011fe   Section        0  stm32f4xx_hal_pcd.o(i.HAL_PCD_Start)
    i.HAL_PCD_SuspendCallback                0x08001240   Section        0  usbd_conf.o(i.HAL_PCD_SuspendCallback)
    i.HAL_RCC_ClockConfig                    0x08001270   Section        0  stm32f4xx_hal_rcc.o(i.HAL_RCC_ClockConfig)
    i.HAL_RCC_GetHCLKFreq                    0x080013a4   Section        0  stm32f4xx_hal_rcc.o(i.HAL_RCC_GetHCLKFreq)
    i.HAL_RCC_GetPCLK1Freq                   0x080013b0   Section        0  stm32f4xx_hal_rcc.o(i.HAL_RCC_GetPCLK1Freq)
    i.HAL_RCC_GetPCLK2Freq                   0x080013d0   Section        0  stm32f4xx_hal_rcc.o(i.HAL_RCC_GetPCLK2Freq)
    i.HAL_RCC_GetSysClockFreq                0x080013f0   Section        0  stm32f4xx_hal_rcc.o(i.HAL_RCC_GetSysClockFreq)
    i.HAL_RCC_OscConfig                      0x08001450   Section        0  stm32f4xx_hal_rcc.o(i.HAL_RCC_OscConfig)
    i.HAL_SYSTICK_Config                     0x080017bc   Section        0  stm32f4xx_hal_cortex.o(i.HAL_SYSTICK_Config)
    i.HAL_UARTEx_RxEventCallback             0x080017e4   Section        0  stm32f4xx_hal_uart.o(i.HAL_UARTEx_RxEventCallback)
    i.HAL_UART_ErrorCallback                 0x080017e6   Section        0  stm32f4xx_hal_uart.o(i.HAL_UART_ErrorCallback)
    i.HAL_UART_IRQHandler                    0x080017e8   Section        0  stm32f4xx_hal_uart.o(i.HAL_UART_IRQHandler)
    i.HAL_UART_Init                          0x08001a50   Section        0  stm32f4xx_hal_uart.o(i.HAL_UART_Init)
    i.HAL_UART_MspInit                       0x08001ab4   Section        0  usart.o(i.HAL_UART_MspInit)
    i.HAL_UART_RxCpltCallback                0x08001b30   Section        0  stm32f4xx_hal_uart.o(i.HAL_UART_RxCpltCallback)
    i.HAL_UART_TxCpltCallback                0x08001b32   Section        0  stm32f4xx_hal_uart.o(i.HAL_UART_TxCpltCallback)
    i.HardFault_Handler                      0x08001b34   Section        0  stm32f4xx_it.o(i.HardFault_Handler)
    i.IntToUnicode                           0x08001b38   Section        0  usbd_desc.o(i.IntToUnicode)
    IntToUnicode                             0x08001b39   Thumb Code    56  usbd_desc.o(i.IntToUnicode)
    i.MX_GPIO_Init                           0x08001b70   Section        0  gpio.o(i.MX_GPIO_Init)
    i.MX_USART1_UART_Init                    0x08001b9c   Section        0  usart.o(i.MX_USART1_UART_Init)
    i.MX_USB_DEVICE_Init                     0x08001bd4   Section        0  usb_device.o(i.MX_USB_DEVICE_Init)
    i.MemManage_Handler                      0x08001c28   Section        0  stm32f4xx_it.o(i.MemManage_Handler)
    i.NMI_Handler                            0x08001c2a   Section        0  stm32f4xx_it.o(i.NMI_Handler)
    i.OTG_FS_IRQHandler                      0x08001c2c   Section        0  stm32f4xx_it.o(i.OTG_FS_IRQHandler)
    i.PCD_EP_OutXfrComplete_int              0x08001c38   Section        0  stm32f4xx_hal_pcd.o(i.PCD_EP_OutXfrComplete_int)
    PCD_EP_OutXfrComplete_int                0x08001c39   Thumb Code   196  stm32f4xx_hal_pcd.o(i.PCD_EP_OutXfrComplete_int)
    i.PCD_WriteEmptyTxFifo                   0x08001d04   Section        0  stm32f4xx_hal_pcd.o(i.PCD_WriteEmptyTxFifo)
    PCD_WriteEmptyTxFifo                     0x08001d05   Thumb Code   162  stm32f4xx_hal_pcd.o(i.PCD_WriteEmptyTxFifo)
    i.PendSV_Handler                         0x08001da6   Section        0  stm32f4xx_it.o(i.PendSV_Handler)
    i.SVC_Handler                            0x08001da8   Section        0  stm32f4xx_it.o(i.SVC_Handler)
    i.SWAPBYTE                               0x08001daa   Section        0  usbd_ctlreq.o(i.SWAPBYTE)
    SWAPBYTE                                 0x08001dab   Thumb Code    10  usbd_ctlreq.o(i.SWAPBYTE)
    i.SysTick_Handler                        0x08001db4   Section        0  stm32f4xx_it.o(i.SysTick_Handler)
    i.SystemClock_Config                     0x08001db8   Section        0  main.o(i.SystemClock_Config)
    i.SystemInit                             0x08001e50   Section        0  system_stm32f4xx.o(i.SystemInit)
    i.UART_DMAAbortOnError                   0x08001e60   Section        0  stm32f4xx_hal_uart.o(i.UART_DMAAbortOnError)
    UART_DMAAbortOnError                     0x08001e61   Thumb Code    16  stm32f4xx_hal_uart.o(i.UART_DMAAbortOnError)
    i.UART_EndRxTransfer                     0x08001e70   Section        0  stm32f4xx_hal_uart.o(i.UART_EndRxTransfer)
    UART_EndRxTransfer                       0x08001e71   Thumb Code    78  stm32f4xx_hal_uart.o(i.UART_EndRxTransfer)
    i.UART_Receive_IT                        0x08001ebe   Section        0  stm32f4xx_hal_uart.o(i.UART_Receive_IT)
    UART_Receive_IT                          0x08001ebf   Thumb Code   192  stm32f4xx_hal_uart.o(i.UART_Receive_IT)
    i.UART_SetConfig                         0x08001f80   Section        0  stm32f4xx_hal_uart.o(i.UART_SetConfig)
    UART_SetConfig                           0x08001f81   Thumb Code   258  stm32f4xx_hal_uart.o(i.UART_SetConfig)
    i.USART1_IRQHandler                      0x0800208c   Section        0  stm32f4xx_it.o(i.USART1_IRQHandler)
    i.USBD_CDC_DataIn                        0x08002098   Section        0  usbd_cdc.o(i.USBD_CDC_DataIn)
    USBD_CDC_DataIn                          0x08002099   Thumb Code   118  usbd_cdc.o(i.USBD_CDC_DataIn)
    i.USBD_CDC_DataOut                       0x0800210e   Section        0  usbd_cdc.o(i.USBD_CDC_DataOut)
    USBD_CDC_DataOut                         0x0800210f   Thumb Code    60  usbd_cdc.o(i.USBD_CDC_DataOut)
    i.USBD_CDC_DeInit                        0x0800214c   Section        0  usbd_cdc.o(i.USBD_CDC_DeInit)
    USBD_CDC_DeInit                          0x0800214d   Thumb Code   140  usbd_cdc.o(i.USBD_CDC_DeInit)
    i.USBD_CDC_EP0_RxReady                   0x080021dc   Section        0  usbd_cdc.o(i.USBD_CDC_EP0_RxReady)
    USBD_CDC_EP0_RxReady                     0x080021dd   Thumb Code    54  usbd_cdc.o(i.USBD_CDC_EP0_RxReady)
    i.USBD_CDC_GetDeviceQualifierDescriptor  0x08002214   Section        0  usbd_cdc.o(i.USBD_CDC_GetDeviceQualifierDescriptor)
    i.USBD_CDC_GetFSCfgDesc                  0x08002220   Section        0  usbd_cdc.o(i.USBD_CDC_GetFSCfgDesc)
    USBD_CDC_GetFSCfgDesc                    0x08002221   Thumb Code    56  usbd_cdc.o(i.USBD_CDC_GetFSCfgDesc)
    i.USBD_CDC_GetHSCfgDesc                  0x0800225c   Section        0  usbd_cdc.o(i.USBD_CDC_GetHSCfgDesc)
    USBD_CDC_GetHSCfgDesc                    0x0800225d   Thumb Code    58  usbd_cdc.o(i.USBD_CDC_GetHSCfgDesc)
    i.USBD_CDC_GetOtherSpeedCfgDesc          0x0800229c   Section        0  usbd_cdc.o(i.USBD_CDC_GetOtherSpeedCfgDesc)
    USBD_CDC_GetOtherSpeedCfgDesc            0x0800229d   Thumb Code    56  usbd_cdc.o(i.USBD_CDC_GetOtherSpeedCfgDesc)
    i.USBD_CDC_Init                          0x080022d8   Section        0  usbd_cdc.o(i.USBD_CDC_Init)
    USBD_CDC_Init                            0x080022d9   Thumb Code   276  usbd_cdc.o(i.USBD_CDC_Init)
    i.USBD_CDC_ReceivePacket                 0x080023f0   Section        0  usbd_cdc.o(i.USBD_CDC_ReceivePacket)
    i.USBD_CDC_RegisterInterface             0x08002428   Section        0  usbd_cdc.o(i.USBD_CDC_RegisterInterface)
    i.USBD_CDC_SetRxBuffer                   0x0800243e   Section        0  usbd_cdc.o(i.USBD_CDC_SetRxBuffer)
    i.USBD_CDC_SetTxBuffer                   0x08002458   Section        0  usbd_cdc.o(i.USBD_CDC_SetTxBuffer)
    i.USBD_CDC_Setup                         0x08002476   Section        0  usbd_cdc.o(i.USBD_CDC_Setup)
    USBD_CDC_Setup                           0x08002477   Thumb Code   212  usbd_cdc.o(i.USBD_CDC_Setup)
    i.USBD_CDC_TransmitPacket                0x0800254c   Section        0  usbd_cdc.o(i.USBD_CDC_TransmitPacket)
    i.USBD_ClrClassConfig                    0x0800259c   Section        0  usbd_core.o(i.USBD_ClrClassConfig)
    i.USBD_CoreFindEP                        0x080025b0   Section        0  usbd_core.o(i.USBD_CoreFindEP)
    i.USBD_CoreFindIF                        0x080025b4   Section        0  usbd_core.o(i.USBD_CoreFindIF)
    i.USBD_CtlContinueRx                     0x080025b8   Section        0  usbd_ioreq.o(i.USBD_CtlContinueRx)
    i.USBD_CtlContinueSendData               0x080025c8   Section        0  usbd_ioreq.o(i.USBD_CtlContinueSendData)
    i.USBD_CtlError                          0x080025d8   Section        0  usbd_ctlreq.o(i.USBD_CtlError)
    i.USBD_CtlPrepareRx                      0x080025ee   Section        0  usbd_ioreq.o(i.USBD_CtlPrepareRx)
    i.USBD_CtlReceiveStatus                  0x0800260c   Section        0  usbd_ioreq.o(i.USBD_CtlReceiveStatus)
    i.USBD_CtlSendData                       0x08002622   Section        0  usbd_ioreq.o(i.USBD_CtlSendData)
    i.USBD_CtlSendStatus                     0x0800263c   Section        0  usbd_ioreq.o(i.USBD_CtlSendStatus)
    i.USBD_FS_ConfigStrDescriptor            0x08002654   Section        0  usbd_desc.o(i.USBD_FS_ConfigStrDescriptor)
    i.USBD_FS_DeviceDescriptor               0x08002674   Section        0  usbd_desc.o(i.USBD_FS_DeviceDescriptor)
    i.USBD_FS_InterfaceStrDescriptor         0x08002680   Section        0  usbd_desc.o(i.USBD_FS_InterfaceStrDescriptor)
    i.USBD_FS_LangIDStrDescriptor            0x080026a4   Section        0  usbd_desc.o(i.USBD_FS_LangIDStrDescriptor)
    i.USBD_FS_ManufacturerStrDescriptor      0x080026b0   Section        0  usbd_desc.o(i.USBD_FS_ManufacturerStrDescriptor)
    i.USBD_FS_ProductStrDescriptor           0x080026d8   Section        0  usbd_desc.o(i.USBD_FS_ProductStrDescriptor)
    i.USBD_FS_SerialStrDescriptor            0x080026f8   Section        0  usbd_desc.o(i.USBD_FS_SerialStrDescriptor)
    i.USBD_GetDescriptor                     0x08002730   Section        0  usbd_ctlreq.o(i.USBD_GetDescriptor)
    USBD_GetDescriptor                       0x08002731   Thumb Code   230  usbd_ctlreq.o(i.USBD_GetDescriptor)
    i.USBD_GetEpDesc                         0x08002816   Section        0  usbd_core.o(i.USBD_GetEpDesc)
    i.USBD_GetNextDesc                       0x08002850   Section        0  usbd_core.o(i.USBD_GetNextDesc)
    i.USBD_GetString                         0x0800285e   Section        0  usbd_ctlreq.o(i.USBD_GetString)
    i.USBD_Get_USB_Status                    0x080028a6   Section        0  usbd_conf.o(i.USBD_Get_USB_Status)
    i.USBD_Init                              0x080028be   Section        0  usbd_core.o(i.USBD_Init)
    i.USBD_LL_ClearStallEP                   0x080028e4   Section        0  usbd_conf.o(i.USBD_LL_ClearStallEP)
    i.USBD_LL_CloseEP                        0x080028f6   Section        0  usbd_conf.o(i.USBD_LL_CloseEP)
    i.USBD_LL_DataInStage                    0x08002908   Section        0  usbd_core.o(i.USBD_LL_DataInStage)
    i.USBD_LL_DataOutStage                   0x080029be   Section        0  usbd_core.o(i.USBD_LL_DataOutStage)
    i.USBD_LL_DevConnected                   0x08002a4c   Section        0  usbd_core.o(i.USBD_LL_DevConnected)
    i.USBD_LL_DevDisconnected                0x08002a50   Section        0  usbd_core.o(i.USBD_LL_DevDisconnected)
    i.USBD_LL_GetRxDataSize                  0x08002a6e   Section        0  usbd_conf.o(i.USBD_LL_GetRxDataSize)
    i.USBD_LL_Init                           0x08002a78   Section        0  usbd_conf.o(i.USBD_LL_Init)
    i.USBD_LL_IsStallEP                      0x08002ad8   Section        0  usbd_conf.o(i.USBD_LL_IsStallEP)
    i.USBD_LL_IsoINIncomplete                0x08002af8   Section        0  usbd_core.o(i.USBD_LL_IsoINIncomplete)
    i.USBD_LL_IsoOUTIncomplete               0x08002b20   Section        0  usbd_core.o(i.USBD_LL_IsoOUTIncomplete)
    i.USBD_LL_OpenEP                         0x08002b48   Section        0  usbd_conf.o(i.USBD_LL_OpenEP)
    i.USBD_LL_PrepareReceive                 0x08002b60   Section        0  usbd_conf.o(i.USBD_LL_PrepareReceive)
    i.USBD_LL_Reset                          0x08002b72   Section        0  usbd_core.o(i.USBD_LL_Reset)
    i.USBD_LL_Resume                         0x08002bce   Section        0  usbd_core.o(i.USBD_LL_Resume)
    i.USBD_LL_SOF                            0x08002be2   Section        0  usbd_core.o(i.USBD_LL_SOF)
    i.USBD_LL_SetSpeed                       0x08002bfc   Section        0  usbd_core.o(i.USBD_LL_SetSpeed)
    i.USBD_LL_SetUSBAddress                  0x08002c02   Section        0  usbd_conf.o(i.USBD_LL_SetUSBAddress)
    i.USBD_LL_SetupStage                     0x08002c14   Section        0  usbd_core.o(i.USBD_LL_SetupStage)
    i.USBD_LL_StallEP                        0x08002c74   Section        0  usbd_conf.o(i.USBD_LL_StallEP)
    i.USBD_LL_Start                          0x08002c86   Section        0  usbd_conf.o(i.USBD_LL_Start)
    i.USBD_LL_Suspend                        0x08002c98   Section        0  usbd_core.o(i.USBD_LL_Suspend)
    i.USBD_LL_Transmit                       0x08002caa   Section        0  usbd_conf.o(i.USBD_LL_Transmit)
    i.USBD_ParseSetupRequest                 0x08002cbc   Section        0  usbd_ctlreq.o(i.USBD_ParseSetupRequest)
    i.USBD_RegisterClass                     0x08002ce8   Section        0  usbd_core.o(i.USBD_RegisterClass)
    i.USBD_SetClassConfig                    0x08002d22   Section        0  usbd_core.o(i.USBD_SetClassConfig)
    i.USBD_SetConfig                         0x08002d38   Section        0  usbd_ctlreq.o(i.USBD_SetConfig)
    USBD_SetConfig                           0x08002d39   Thumb Code   180  usbd_ctlreq.o(i.USBD_SetConfig)
    i.USBD_Start                             0x08002df0   Section        0  usbd_core.o(i.USBD_Start)
    i.USBD_StdDevReq                         0x08002df4   Section        0  usbd_ctlreq.o(i.USBD_StdDevReq)
    i.USBD_StdEPReq                          0x08002f20   Section        0  usbd_ctlreq.o(i.USBD_StdEPReq)
    i.USBD_StdItfReq                         0x08003080   Section        0  usbd_ctlreq.o(i.USBD_StdItfReq)
    i.USBD_static_free                       0x080030f2   Section        0  usbd_conf.o(i.USBD_static_free)
    i.USBD_static_malloc                     0x080030f4   Section        0  usbd_conf.o(i.USBD_static_malloc)
    i.USB_ActivateEndpoint                   0x080030fc   Section        0  stm32f4xx_ll_usb.o(i.USB_ActivateEndpoint)
    i.USB_ActivateSetup                      0x0800317c   Section        0  stm32f4xx_ll_usb.o(i.USB_ActivateSetup)
    i.USB_CoreInit                           0x08003198   Section        0  stm32f4xx_ll_usb.o(i.USB_CoreInit)
    i.USB_CoreReset                          0x0800320c   Section        0  stm32f4xx_ll_usb.o(i.USB_CoreReset)
    USB_CoreReset                            0x0800320d   Thumb Code    58  stm32f4xx_ll_usb.o(i.USB_CoreReset)
    i.USB_DeactivateEndpoint                 0x0800324c   Section        0  stm32f4xx_ll_usb.o(i.USB_DeactivateEndpoint)
    i.USB_DevConnect                         0x08003318   Section        0  stm32f4xx_ll_usb.o(i.USB_DevConnect)
    i.USB_DevDisconnect                      0x08003334   Section        0  stm32f4xx_ll_usb.o(i.USB_DevDisconnect)
    i.USB_DevInit                            0x08003350   Section        0  stm32f4xx_ll_usb.o(i.USB_DevInit)
    i.USB_DisableGlobalInt                   0x080034c4   Section        0  stm32f4xx_ll_usb.o(i.USB_DisableGlobalInt)
    i.USB_EP0StartXfer                       0x080034d0   Section        0  stm32f4xx_ll_usb.o(i.USB_EP0StartXfer)
    i.USB_EP0_OutStart                       0x080035ec   Section        0  stm32f4xx_ll_usb.o(i.USB_EP0_OutStart)
    i.USB_EPClearStall                       0x08003644   Section        0  stm32f4xx_ll_usb.o(i.USB_EPClearStall)
    i.USB_EPSetStall                         0x0800369c   Section        0  stm32f4xx_ll_usb.o(i.USB_EPSetStall)
    i.USB_EPStartXfer                        0x080036f4   Section        0  stm32f4xx_ll_usb.o(i.USB_EPStartXfer)
    i.USB_EPStopXfer                         0x080038d8   Section        0  stm32f4xx_ll_usb.o(i.USB_EPStopXfer)
    i.USB_EnableGlobalInt                    0x08003976   Section        0  stm32f4xx_ll_usb.o(i.USB_EnableGlobalInt)
    i.USB_FlushRxFifo                        0x08003984   Section        0  stm32f4xx_ll_usb.o(i.USB_FlushRxFifo)
    i.USB_FlushTxFifo                        0x080039c0   Section        0  stm32f4xx_ll_usb.o(i.USB_FlushTxFifo)
    i.USB_GetDevSpeed                        0x08003a00   Section        0  stm32f4xx_ll_usb.o(i.USB_GetDevSpeed)
    i.USB_GetMode                            0x08003a1a   Section        0  stm32f4xx_ll_usb.o(i.USB_GetMode)
    i.USB_ReadDevAllInEpInterrupt            0x08003a22   Section        0  stm32f4xx_ll_usb.o(i.USB_ReadDevAllInEpInterrupt)
    i.USB_ReadDevAllOutEpInterrupt           0x08003a30   Section        0  stm32f4xx_ll_usb.o(i.USB_ReadDevAllOutEpInterrupt)
    i.USB_ReadDevInEPInterrupt               0x08003a3e   Section        0  stm32f4xx_ll_usb.o(i.USB_ReadDevInEPInterrupt)
    i.USB_ReadDevOutEPInterrupt              0x08003a62   Section        0  stm32f4xx_ll_usb.o(i.USB_ReadDevOutEPInterrupt)
    i.USB_ReadInterrupts                     0x08003a72   Section        0  stm32f4xx_ll_usb.o(i.USB_ReadInterrupts)
    i.USB_ReadPacket                         0x08003a7a   Section        0  stm32f4xx_ll_usb.o(i.USB_ReadPacket)
    i.USB_SetCurrentMode                     0x08003ab8   Section        0  stm32f4xx_ll_usb.o(i.USB_SetCurrentMode)
    i.USB_SetDevAddress                      0x08003b14   Section        0  stm32f4xx_ll_usb.o(i.USB_SetDevAddress)
    i.USB_SetTurnaroundTime                  0x08003b38   Section        0  stm32f4xx_ll_usb.o(i.USB_SetTurnaroundTime)
    i.USB_WritePacket                        0x08003c20   Section        0  stm32f4xx_ll_usb.o(i.USB_WritePacket)
    i.UsageFault_Handler                     0x08003c48   Section        0  stm32f4xx_it.o(i.UsageFault_Handler)
    i.__0printf$3                            0x08003c4c   Section        0  printf3.o(i.__0printf$3)
    i.__NVIC_SetPriority                     0x08003c6c   Section        0  stm32f4xx_hal_cortex.o(i.__NVIC_SetPriority)
    __NVIC_SetPriority                       0x08003c6d   Thumb Code    32  stm32f4xx_hal_cortex.o(i.__NVIC_SetPriority)
    i.__scatterload_copy                     0x08003c8c   Section       14  handlers.o(i.__scatterload_copy)
    i.__scatterload_null                     0x08003c9a   Section        2  handlers.o(i.__scatterload_null)
    i.__scatterload_zeroinit                 0x08003c9c   Section       14  handlers.o(i.__scatterload_zeroinit)
    i._printf_core                           0x08003cac   Section        0  printf3.o(i._printf_core)
    _printf_core                             0x08003cad   Thumb Code   436  printf3.o(i._printf_core)
    i.delay_ms                               0x08003e64   Section        0  main.o(i.delay_ms)
    i.fputc                                  0x08003e80   Section        0  usart.o(i.fputc)
    i.main                                   0x08003e94   Section        0  main.o(i.main)
    .constdata                               0x08003f30   Section       16  system_stm32f4xx.o(.constdata)
    .constdata                               0x08003f40   Section        8  system_stm32f4xx.o(.constdata)
    .conststring                             0x08003f48   Section     2961  main.o(.conststring)
    .data                                    0x20000000   Section        4  usart.o(.data)
    .data                                    0x20000004   Section       28  usbd_desc.o(.data)
    .data                                    0x20000020   Section       50  usbd_desc.o(.data)
    .data                                    0x20000054   Section       20  usbd_cdc_if.o(.data)
    .data                                    0x20000068   Section        8  usbd_cdc_if.o(.data)
    TotalLength                              0x2000006c   Data           4  usbd_cdc_if.o(.data)
    .data                                    0x20000070   Section       12  stm32f4xx_hal.o(.data)
    .data                                    0x2000007c   Section        4  system_stm32f4xx.o(.data)
    .data                                    0x20000080   Section        1  usbd_ctlreq.o(.data)
    cfgidx                                   0x20000080   Data           1  usbd_ctlreq.o(.data)
    .data                                    0x20000084   Section       83  usbd_cdc.o(.data)
    CDCInEpAdd                               0x20000084   Data           1  usbd_cdc.o(.data)
    CDCOutEpAdd                              0x20000085   Data           1  usbd_cdc.o(.data)
    CDCCmdEpAdd                              0x20000086   Data           1  usbd_cdc.o(.data)
    USBD_CDC_DeviceQualifierDesc             0x20000088   Data          10  usbd_cdc.o(.data)
    USBD_CDC_CfgDesc                         0x20000094   Data          67  usbd_cdc.o(.data)
    .data                                    0x200000d8   Section       56  usbd_cdc.o(.data)
    .bss                                     0x20000110   Section       68  usart.o(.bss)
    .bss                                     0x20000154   Section      732  usb_device.o(.bss)
    .bss                                     0x20000430   Section      512  usbd_desc.o(.bss)
    .bss                                     0x20000630   Section     7172  usbd_cdc_if.o(.bss)
    .bss                                     0x20002234   Section     1836  usbd_conf.o(.bss)
    mem                                      0x20002234   Data         544  usbd_conf.o(.bss)
    STACK                                    0x20002960   Section     4096  startup_stm32f407xx.o(STACK)

    Global Symbols

    Symbol Name                              Value     Ov Type        Size  Object(Section)

    BuildAttributes$$THM_ISAv4$E$P$D$K$B$S$7EM$VFPi3$EXTD16$VFPS$VFMA$PE$A:L22UL41UL21$X:L11$S22US41US21$IEEE1$IW$USESV6$~STKCKD$USESV7$~SHL$OSPACE$ROPI$EBA8$MICROLIB$REQ8$PRES8$EABIv2 0x00000000   Number         0  anon$$obj.o ABSOLUTE
    __ARM_use_no_argv                        0x00000000   Number         0  main.o ABSOLUTE
    __use_no_errno                           0x00000000   Number         0  useno.o ABSOLUTE
    __use_no_exception_handling              0x00000000   Number         0  useno.o ABSOLUTE
    __use_no_fp                              0x00000000   Number         0  useno.o ABSOLUTE
    __use_no_heap                            0x00000000   Number         0  useno.o ABSOLUTE
    __use_no_heap_region                     0x00000000   Number         0  useno.o ABSOLUTE
    __use_no_semihosting                     0x00000000   Number         0  useno.o ABSOLUTE
    __use_no_semihosting_swi                 0x00000000   Number         0  useno.o ABSOLUTE
    __use_no_signal_handling                 0x00000000   Number         0  useno.o ABSOLUTE
    _printf_a                                0x00000000   Number         0  stubs.o ABSOLUTE
    _printf_c                                0x00000000   Number         0  stubs.o ABSOLUTE
    _printf_charcount                        0x00000000   Number         0  stubs.o ABSOLUTE
    _printf_d                                0x00000000   Number         0  stubs.o ABSOLUTE
    _printf_e                                0x00000000   Number         0  stubs.o ABSOLUTE
    _printf_f                                0x00000000   Number         0  stubs.o ABSOLUTE
    _printf_flags                            0x00000000   Number         0  stubs.o ABSOLUTE
    _printf_fp_dec                           0x00000000   Number         0  stubs.o ABSOLUTE
    _printf_fp_hex                           0x00000000   Number         0  stubs.o ABSOLUTE
    _printf_g                                0x00000000   Number         0  stubs.o ABSOLUTE
    _printf_i                                0x00000000   Number         0  stubs.o ABSOLUTE
    _printf_int_dec                          0x00000000   Number         0  stubs.o ABSOLUTE
    _printf_l                                0x00000000   Number         0  stubs.o ABSOLUTE
    _printf_lc                               0x00000000   Number         0  stubs.o ABSOLUTE
    _printf_ll                               0x00000000   Number         0  stubs.o ABSOLUTE
    _printf_lld                              0x00000000   Number         0  stubs.o ABSOLUTE
    _printf_lli                              0x00000000   Number         0  stubs.o ABSOLUTE
    _printf_llo                              0x00000000   Number         0  stubs.o ABSOLUTE
    _printf_llu                              0x00000000   Number         0  stubs.o ABSOLUTE
    _printf_llx                              0x00000000   Number         0  stubs.o ABSOLUTE
    _printf_longlong_dec                     0x00000000   Number         0  stubs.o ABSOLUTE
    _printf_longlong_hex                     0x00000000   Number         0  stubs.o ABSOLUTE
    _printf_longlong_oct                     0x00000000   Number         0  stubs.o ABSOLUTE
    _printf_ls                               0x00000000   Number         0  stubs.o ABSOLUTE
    _printf_mbtowc                           0x00000000   Number         0  stubs.o ABSOLUTE
    _printf_n                                0x00000000   Number         0  stubs.o ABSOLUTE
    _printf_o                                0x00000000   Number         0  stubs.o ABSOLUTE
    _printf_p                                0x00000000   Number         0  stubs.o ABSOLUTE
    _printf_percent                          0x00000000   Number         0  stubs.o ABSOLUTE
    _printf_pre_padding                      0x00000000   Number         0  stubs.o ABSOLUTE
    _printf_return_value                     0x00000000   Number         0  stubs.o ABSOLUTE
    _printf_s                                0x00000000   Number         0  stubs.o ABSOLUTE
    _printf_sizespec                         0x00000000   Number         0  stubs.o ABSOLUTE
    _printf_str                              0x00000000   Number         0  stubs.o ABSOLUTE
    _printf_truncate_signed                  0x00000000   Number         0  stubs.o ABSOLUTE
    _printf_truncate_unsigned                0x00000000   Number         0  stubs.o ABSOLUTE
    _printf_u                                0x00000000   Number         0  stubs.o ABSOLUTE
    _printf_wc                               0x00000000   Number         0  stubs.o ABSOLUTE
    _printf_wctomb                           0x00000000   Number         0  stubs.o ABSOLUTE
    _printf_widthprec                        0x00000000   Number         0  stubs.o ABSOLUTE
    _printf_x                                0x00000000   Number         0  stubs.o ABSOLUTE
    __cpp_initialize__aeabi_                  - Undefined Weak Reference
    __cxa_finalize                            - Undefined Weak Reference
    __decompress                              - Undefined Weak Reference
    _clock_init                               - Undefined Weak Reference
    _microlib_exit                            - Undefined Weak Reference
    __Vectors_Size                           0x00000188   Number         0  startup_stm32f407xx.o ABSOLUTE
    __Vectors                                0x08000000   Data           4  startup_stm32f407xx.o(RESET)
    __Vectors_End                            0x08000188   Data           0  startup_stm32f407xx.o(RESET)
    __main                                   0x08000189   Thumb Code     0  entry.o(.ARM.Collect$$$$00000000)
    _main_stk                                0x08000189   Thumb Code     0  entry2.o(.ARM.Collect$$$$00000001)
    _main_scatterload                        0x0800018d   Thumb Code     0  entry5.o(.ARM.Collect$$$$00000004)
    __main_after_scatterload                 0x08000191   Thumb Code     0  entry5.o(.ARM.Collect$$$$00000004)
    _main_clock                              0x08000191   Thumb Code     0  entry7b.o(.ARM.Collect$$$$00000008)
    _main_cpp_init                           0x08000191   Thumb Code     0  entry8b.o(.ARM.Collect$$$$0000000A)
    _main_init                               0x08000191   Thumb Code     0  entry9a.o(.ARM.Collect$$$$0000000B)
    __rt_final_cpp                           0x08000199   Thumb Code     0  entry10a.o(.ARM.Collect$$$$0000000D)
    __rt_final_exit                          0x08000199   Thumb Code     0  entry11a.o(.ARM.Collect$$$$0000000F)
    Reset_Handler                            0x0800019d   Thumb Code     8  startup_stm32f407xx.o(.text)
    ADC_IRQHandler                           0x080001b7   Thumb Code     0  startup_stm32f407xx.o(.text)
    CAN1_RX0_IRQHandler                      0x080001b7   Thumb Code     0  startup_stm32f407xx.o(.text)
    CAN1_RX1_IRQHandler                      0x080001b7   Thumb Code     0  startup_stm32f407xx.o(.text)
    CAN1_SCE_IRQHandler                      0x080001b7   Thumb Code     0  startup_stm32f407xx.o(.text)
    CAN1_TX_IRQHandler                       0x080001b7   Thumb Code     0  startup_stm32f407xx.o(.text)
    CAN2_RX0_IRQHandler                      0x080001b7   Thumb Code     0  startup_stm32f407xx.o(.text)
    CAN2_RX1_IRQHandler                      0x080001b7   Thumb Code     0  startup_stm32f407xx.o(.text)
    CAN2_SCE_IRQHandler                      0x080001b7   Thumb Code     0  startup_stm32f407xx.o(.text)
    CAN2_TX_IRQHandler                       0x080001b7   Thumb Code     0  startup_stm32f407xx.o(.text)
    DCMI_IRQHandler                          0x080001b7   Thumb Code     0  startup_stm32f407xx.o(.text)
    DMA1_Stream0_IRQHandler                  0x080001b7   Thumb Code     0  startup_stm32f407xx.o(.text)
    DMA1_Stream1_IRQHandler                  0x080001b7   Thumb Code     0  startup_stm32f407xx.o(.text)
    DMA1_Stream2_IRQHandler                  0x080001b7   Thumb Code     0  startup_stm32f407xx.o(.text)
    DMA1_Stream3_IRQHandler                  0x080001b7   Thumb Code     0  startup_stm32f407xx.o(.text)
    DMA1_Stream4_IRQHandler                  0x080001b7   Thumb Code     0  startup_stm32f407xx.o(.text)
    DMA1_Stream5_IRQHandler                  0x080001b7   Thumb Code     0  startup_stm32f407xx.o(.text)
    DMA1_Stream6_IRQHandler                  0x080001b7   Thumb Code     0  startup_stm32f407xx.o(.text)
    DMA1_Stream7_IRQHandler                  0x080001b7   Thumb Code     0  startup_stm32f407xx.o(.text)
    DMA2_Stream0_IRQHandler                  0x080001b7   Thumb Code     0  startup_stm32f407xx.o(.text)
    DMA2_Stream1_IRQHandler                  0x080001b7   Thumb Code     0  startup_stm32f407xx.o(.text)
    DMA2_Stream2_IRQHandler                  0x080001b7   Thumb Code     0  startup_stm32f407xx.o(.text)
    DMA2_Stream3_IRQHandler                  0x080001b7   Thumb Code     0  startup_stm32f407xx.o(.text)
    DMA2_Stream4_IRQHandler                  0x080001b7   Thumb Code     0  startup_stm32f407xx.o(.text)
    DMA2_Stream5_IRQHandler                  0x080001b7   Thumb Code     0  startup_stm32f407xx.o(.text)
    DMA2_Stream6_IRQHandler                  0x080001b7   Thumb Code     0  startup_stm32f407xx.o(.text)
    DMA2_Stream7_IRQHandler                  0x080001b7   Thumb Code     0  startup_stm32f407xx.o(.text)
    ETH_IRQHandler                           0x080001b7   Thumb Code     0  startup_stm32f407xx.o(.text)
    ETH_WKUP_IRQHandler                      0x080001b7   Thumb Code     0  startup_stm32f407xx.o(.text)
    EXTI0_IRQHandler                         0x080001b7   Thumb Code     0  startup_stm32f407xx.o(.text)
    EXTI15_10_IRQHandler                     0x080001b7   Thumb Code     0  startup_stm32f407xx.o(.text)
    EXTI1_IRQHandler                         0x080001b7   Thumb Code     0  startup_stm32f407xx.o(.text)
    EXTI2_IRQHandler                         0x080001b7   Thumb Code     0  startup_stm32f407xx.o(.text)
    EXTI3_IRQHandler                         0x080001b7   Thumb Code     0  startup_stm32f407xx.o(.text)
    EXTI4_IRQHandler                         0x080001b7   Thumb Code     0  startup_stm32f407xx.o(.text)
    EXTI9_5_IRQHandler                       0x080001b7   Thumb Code     0  startup_stm32f407xx.o(.text)
    FLASH_IRQHandler                         0x080001b7   Thumb Code     0  startup_stm32f407xx.o(.text)
    FMC_IRQHandler                           0x080001b7   Thumb Code     0  startup_stm32f407xx.o(.text)
    FPU_IRQHandler                           0x080001b7   Thumb Code     0  startup_stm32f407xx.o(.text)
    HASH_RNG_IRQHandler                      0x080001b7   Thumb Code     0  startup_stm32f407xx.o(.text)
    I2C1_ER_IRQHandler                       0x080001b7   Thumb Code     0  startup_stm32f407xx.o(.text)
    I2C1_EV_IRQHandler                       0x080001b7   Thumb Code     0  startup_stm32f407xx.o(.text)
    I2C2_ER_IRQHandler                       0x080001b7   Thumb Code     0  startup_stm32f407xx.o(.text)
    I2C2_EV_IRQHandler                       0x080001b7   Thumb Code     0  startup_stm32f407xx.o(.text)
    I2C3_ER_IRQHandler                       0x080001b7   Thumb Code     0  startup_stm32f407xx.o(.text)
    I2C3_EV_IRQHandler                       0x080001b7   Thumb Code     0  startup_stm32f407xx.o(.text)
    OTG_FS_WKUP_IRQHandler                   0x080001b7   Thumb Code     0  startup_stm32f407xx.o(.text)
    OTG_HS_EP1_IN_IRQHandler                 0x080001b7   Thumb Code     0  startup_stm32f407xx.o(.text)
    OTG_HS_EP1_OUT_IRQHandler                0x080001b7   Thumb Code     0  startup_stm32f407xx.o(.text)
    OTG_HS_IRQHandler                        0x080001b7   Thumb Code     0  startup_stm32f407xx.o(.text)
    OTG_HS_WKUP_IRQHandler                   0x080001b7   Thumb Code     0  startup_stm32f407xx.o(.text)
    PVD_IRQHandler                           0x080001b7   Thumb Code     0  startup_stm32f407xx.o(.text)
    RCC_IRQHandler                           0x080001b7   Thumb Code     0  startup_stm32f407xx.o(.text)
    RTC_Alarm_IRQHandler                     0x080001b7   Thumb Code     0  startup_stm32f407xx.o(.text)
    RTC_WKUP_IRQHandler                      0x080001b7   Thumb Code     0  startup_stm32f407xx.o(.text)
    SDIO_IRQHandler                          0x080001b7   Thumb Code     0  startup_stm32f407xx.o(.text)
    SPI1_IRQHandler                          0x080001b7   Thumb Code     0  startup_stm32f407xx.o(.text)
    SPI2_IRQHandler                          0x080001b7   Thumb Code     0  startup_stm32f407xx.o(.text)
    SPI3_IRQHandler                          0x080001b7   Thumb Code     0  startup_stm32f407xx.o(.text)
    TAMP_STAMP_IRQHandler                    0x080001b7   Thumb Code     0  startup_stm32f407xx.o(.text)
    TIM1_BRK_TIM9_IRQHandler                 0x080001b7   Thumb Code     0  startup_stm32f407xx.o(.text)
    TIM1_CC_IRQHandler                       0x080001b7   Thumb Code     0  startup_stm32f407xx.o(.text)
    TIM1_TRG_COM_TIM11_IRQHandler            0x080001b7   Thumb Code     0  startup_stm32f407xx.o(.text)
    TIM1_UP_TIM10_IRQHandler                 0x080001b7   Thumb Code     0  startup_stm32f407xx.o(.text)
    TIM2_IRQHandler                          0x080001b7   Thumb Code     0  startup_stm32f407xx.o(.text)
    TIM3_IRQHandler                          0x080001b7   Thumb Code     0  startup_stm32f407xx.o(.text)
    TIM4_IRQHandler                          0x080001b7   Thumb Code     0  startup_stm32f407xx.o(.text)
    TIM5_IRQHandler                          0x080001b7   Thumb Code     0  startup_stm32f407xx.o(.text)
    TIM6_DAC_IRQHandler                      0x080001b7   Thumb Code     0  startup_stm32f407xx.o(.text)
    TIM7_IRQHandler                          0x080001b7   Thumb Code     0  startup_stm32f407xx.o(.text)
    TIM8_BRK_TIM12_IRQHandler                0x080001b7   Thumb Code     0  startup_stm32f407xx.o(.text)
    TIM8_CC_IRQHandler                       0x080001b7   Thumb Code     0  startup_stm32f407xx.o(.text)
    TIM8_TRG_COM_TIM14_IRQHandler            0x080001b7   Thumb Code     0  startup_stm32f407xx.o(.text)
    TIM8_UP_TIM13_IRQHandler                 0x080001b7   Thumb Code     0  startup_stm32f407xx.o(.text)
    UART4_IRQHandler                         0x080001b7   Thumb Code     0  startup_stm32f407xx.o(.text)
    UART5_IRQHandler                         0x080001b7   Thumb Code     0  startup_stm32f407xx.o(.text)
    USART2_IRQHandler                        0x080001b7   Thumb Code     0  startup_stm32f407xx.o(.text)
    USART3_IRQHandler                        0x080001b7   Thumb Code     0  startup_stm32f407xx.o(.text)
    USART6_IRQHandler                        0x080001b7   Thumb Code     0  startup_stm32f407xx.o(.text)
    WWDG_IRQHandler                          0x080001b7   Thumb Code     0  startup_stm32f407xx.o(.text)
    __aeabi_uldivmod                         0x080001c1   Thumb Code    98  uldiv.o(.text)
    __aeabi_memcpy                           0x08000223   Thumb Code    36  memcpya.o(.text)
    __aeabi_memcpy4                          0x08000223   Thumb Code     0  memcpya.o(.text)
    __aeabi_memcpy8                          0x08000223   Thumb Code     0  memcpya.o(.text)
    __aeabi_memset                           0x08000247   Thumb Code    14  memseta.o(.text)
    __aeabi_memset4                          0x08000247   Thumb Code     0  memseta.o(.text)
    __aeabi_memset8                          0x08000247   Thumb Code     0  memseta.o(.text)
    __aeabi_memclr                           0x08000255   Thumb Code     4  memseta.o(.text)
    __aeabi_memclr4                          0x08000255   Thumb Code     0  memseta.o(.text)
    __aeabi_memclr8                          0x08000255   Thumb Code     0  memseta.o(.text)
    _memset$wrapper                          0x08000259   Thumb Code    18  memseta.o(.text)
    __aeabi_uidiv                            0x0800026b   Thumb Code     0  uidiv.o(.text)
    __aeabi_uidivmod                         0x0800026b   Thumb Code    44  uidiv.o(.text)
    __aeabi_llsl                             0x08000297   Thumb Code    30  llshl.o(.text)
    _ll_shift_l                              0x08000297   Thumb Code     0  llshl.o(.text)
    __aeabi_llsr                             0x080002b5   Thumb Code    32  llushr.o(.text)
    _ll_ushift_r                             0x080002b5   Thumb Code     0  llushr.o(.text)
    __scatterload                            0x080002d5   Thumb Code    28  init.o(.text)
    __scatterload_rt2                        0x080002d5   Thumb Code     0  init.o(.text)
    BusFault_Handler                         0x080002f9   Thumb Code     2  stm32f4xx_it.o(i.BusFault_Handler)
    CDC_Transmit_FS                          0x08000391   Thumb Code    38  usbd_cdc_if.o(i.CDC_Transmit_FS)
    DebugMon_Handler                         0x080003bd   Thumb Code     2  stm32f4xx_it.o(i.DebugMon_Handler)
    Error_Handler                            0x080003bf   Thumb Code     4  main.o(i.Error_Handler)
    HAL_DMA_Abort                            0x080003c3   Thumb Code   146  stm32f4xx_hal_dma.o(i.HAL_DMA_Abort)
    HAL_DMA_Abort_IT                         0x08000455   Thumb Code    36  stm32f4xx_hal_dma.o(i.HAL_DMA_Abort_IT)
    HAL_Delay                                0x08000479   Thumb Code    32  stm32f4xx_hal.o(i.HAL_Delay)
    HAL_GPIO_Init                            0x0800049d   Thumb Code   450  stm32f4xx_hal_gpio.o(i.HAL_GPIO_Init)
    HAL_GetTick                              0x0800068d   Thumb Code     6  stm32f4xx_hal.o(i.HAL_GetTick)
    HAL_IncTick                              0x08000699   Thumb Code    12  stm32f4xx_hal.o(i.HAL_IncTick)
    HAL_Init                                 0x080006a9   Thumb Code    48  stm32f4xx_hal.o(i.HAL_Init)
    HAL_InitTick                             0x080006dd   Thumb Code    54  stm32f4xx_hal.o(i.HAL_InitTick)
    HAL_MspInit                              0x0800071d   Thumb Code    42  stm32f4xx_hal_msp.o(i.HAL_MspInit)
    HAL_NVIC_EnableIRQ                       0x0800074d   Thumb Code    26  stm32f4xx_hal_cortex.o(i.HAL_NVIC_EnableIRQ)
    HAL_NVIC_SetPriority                     0x08000769   Thumb Code    60  stm32f4xx_hal_cortex.o(i.HAL_NVIC_SetPriority)
    HAL_NVIC_SetPriorityGrouping             0x080007a9   Thumb Code    26  stm32f4xx_hal_cortex.o(i.HAL_NVIC_SetPriorityGrouping)
    HAL_PCDEx_LPM_Callback                   0x080007cd   Thumb Code     2  stm32f4xx_hal_pcd_ex.o(i.HAL_PCDEx_LPM_Callback)
    HAL_PCDEx_SetRxFiFo                      0x080007cf   Thumb Code     8  stm32f4xx_hal_pcd_ex.o(i.HAL_PCDEx_SetRxFiFo)
    HAL_PCDEx_SetTxFiFo                      0x080007d7   Thumb Code    68  stm32f4xx_hal_pcd_ex.o(i.HAL_PCDEx_SetTxFiFo)
    HAL_PCD_ConnectCallback                  0x0800081b   Thumb Code     8  usbd_conf.o(i.HAL_PCD_ConnectCallback)
    HAL_PCD_DataInStageCallback              0x08000823   Thumb Code    18  usbd_conf.o(i.HAL_PCD_DataInStageCallback)
    HAL_PCD_DataOutStageCallback             0x08000835   Thumb Code    20  usbd_conf.o(i.HAL_PCD_DataOutStageCallback)
    HAL_PCD_DisconnectCallback               0x08000849   Thumb Code     8  usbd_conf.o(i.HAL_PCD_DisconnectCallback)
    HAL_PCD_EP_Abort                         0x08000851   Thumb Code    30  stm32f4xx_hal_pcd.o(i.HAL_PCD_EP_Abort)
    HAL_PCD_EP_Close                         0x0800086f   Thumb Code    76  stm32f4xx_hal_pcd.o(i.HAL_PCD_EP_Close)
    HAL_PCD_EP_ClrStall                      0x080008bb   Thumb Code    92  stm32f4xx_hal_pcd.o(i.HAL_PCD_EP_ClrStall)
    HAL_PCD_EP_GetRxCount                    0x08000917   Thumb Code    18  stm32f4xx_hal_pcd.o(i.HAL_PCD_EP_GetRxCount)
    HAL_PCD_EP_Open                          0x08000929   Thumb Code    96  stm32f4xx_hal_pcd.o(i.HAL_PCD_EP_Open)
    HAL_PCD_EP_Receive                       0x08000989   Thumb Code    72  stm32f4xx_hal_pcd.o(i.HAL_PCD_EP_Receive)
    HAL_PCD_EP_SetStall                      0x080009d1   Thumb Code   116  stm32f4xx_hal_pcd.o(i.HAL_PCD_EP_SetStall)
    HAL_PCD_EP_Transmit                      0x08000a45   Thumb Code    64  stm32f4xx_hal_pcd.o(i.HAL_PCD_EP_Transmit)
    HAL_PCD_IRQHandler                       0x08000a85   Thumb Code  1376  stm32f4xx_hal_pcd.o(i.HAL_PCD_IRQHandler)
    HAL_PCD_ISOINIncompleteCallback          0x08000fe5   Thumb Code     8  usbd_conf.o(i.HAL_PCD_ISOINIncompleteCallback)
    HAL_PCD_ISOOUTIncompleteCallback         0x08000fed   Thumb Code     8  usbd_conf.o(i.HAL_PCD_ISOOUTIncompleteCallback)
    HAL_PCD_Init                             0x08000ff5   Thumb Code   226  stm32f4xx_hal_pcd.o(i.HAL_PCD_Init)
    HAL_PCD_MspInit                          0x080010d9   Thumb Code   172  usbd_conf.o(i.HAL_PCD_MspInit)
    HAL_PCD_ResetCallback                    0x0800118d   Thumb Code    44  usbd_conf.o(i.HAL_PCD_ResetCallback)
    HAL_PCD_ResumeCallback                   0x080011b9   Thumb Code     8  usbd_conf.o(i.HAL_PCD_ResumeCallback)
    HAL_PCD_SOFCallback                      0x080011c1   Thumb Code     8  usbd_conf.o(i.HAL_PCD_SOFCallback)
    HAL_PCD_SetAddress                       0x080011c9   Thumb Code    40  stm32f4xx_hal_pcd.o(i.HAL_PCD_SetAddress)
    HAL_PCD_SetupStageCallback               0x080011f1   Thumb Code    14  usbd_conf.o(i.HAL_PCD_SetupStageCallback)
    HAL_PCD_Start                            0x080011ff   Thumb Code    66  stm32f4xx_hal_pcd.o(i.HAL_PCD_Start)
    HAL_PCD_SuspendCallback                  0x08001241   Thumb Code    44  usbd_conf.o(i.HAL_PCD_SuspendCallback)
    HAL_RCC_ClockConfig                      0x08001271   Thumb Code   288  stm32f4xx_hal_rcc.o(i.HAL_RCC_ClockConfig)
    HAL_RCC_GetHCLKFreq                      0x080013a5   Thumb Code     6  stm32f4xx_hal_rcc.o(i.HAL_RCC_GetHCLKFreq)
    HAL_RCC_GetPCLK1Freq                     0x080013b1   Thumb Code    20  stm32f4xx_hal_rcc.o(i.HAL_RCC_GetPCLK1Freq)
    HAL_RCC_GetPCLK2Freq                     0x080013d1   Thumb Code    20  stm32f4xx_hal_rcc.o(i.HAL_RCC_GetPCLK2Freq)
    HAL_RCC_GetSysClockFreq                  0x080013f1   Thumb Code    88  stm32f4xx_hal_rcc.o(i.HAL_RCC_GetSysClockFreq)
    HAL_RCC_OscConfig                        0x08001451   Thumb Code   856  stm32f4xx_hal_rcc.o(i.HAL_RCC_OscConfig)
    HAL_SYSTICK_Config                       0x080017bd   Thumb Code    40  stm32f4xx_hal_cortex.o(i.HAL_SYSTICK_Config)
    HAL_UARTEx_RxEventCallback               0x080017e5   Thumb Code     2  stm32f4xx_hal_uart.o(i.HAL_UARTEx_RxEventCallback)
    HAL_UART_ErrorCallback                   0x080017e7   Thumb Code     2  stm32f4xx_hal_uart.o(i.HAL_UART_ErrorCallback)
    HAL_UART_IRQHandler                      0x080017e9   Thumb Code   610  stm32f4xx_hal_uart.o(i.HAL_UART_IRQHandler)
    HAL_UART_Init                            0x08001a51   Thumb Code    98  stm32f4xx_hal_uart.o(i.HAL_UART_Init)
    HAL_UART_MspInit                         0x08001ab5   Thumb Code   110  usart.o(i.HAL_UART_MspInit)
    HAL_UART_RxCpltCallback                  0x08001b31   Thumb Code     2  stm32f4xx_hal_uart.o(i.HAL_UART_RxCpltCallback)
    HAL_UART_TxCpltCallback                  0x08001b33   Thumb Code     2  stm32f4xx_hal_uart.o(i.HAL_UART_TxCpltCallback)
    HardFault_Handler                        0x08001b35   Thumb Code     2  stm32f4xx_it.o(i.HardFault_Handler)
    MX_GPIO_Init                             0x08001b71   Thumb Code    38  gpio.o(i.MX_GPIO_Init)
    MX_USART1_UART_Init                      0x08001b9d   Thumb Code    48  usart.o(i.MX_USART1_UART_Init)
    MX_USB_DEVICE_Init                       0x08001bd5   Thumb Code    66  usb_device.o(i.MX_USB_DEVICE_Init)
    MemManage_Handler                        0x08001c29   Thumb Code     2  stm32f4xx_it.o(i.MemManage_Handler)
    NMI_Handler                              0x08001c2b   Thumb Code     2  stm32f4xx_it.o(i.NMI_Handler)
    OTG_FS_IRQHandler                        0x08001c2d   Thumb Code     6  stm32f4xx_it.o(i.OTG_FS_IRQHandler)
    PendSV_Handler                           0x08001da7   Thumb Code     2  stm32f4xx_it.o(i.PendSV_Handler)
    SVC_Handler                              0x08001da9   Thumb Code     2  stm32f4xx_it.o(i.SVC_Handler)
    SysTick_Handler                          0x08001db5   Thumb Code     4  stm32f4xx_it.o(i.SysTick_Handler)
    SystemClock_Config                       0x08001db9   Thumb Code   142  main.o(i.SystemClock_Config)
    SystemInit                               0x08001e51   Thumb Code    12  system_stm32f4xx.o(i.SystemInit)
    USART1_IRQHandler                        0x0800208d   Thumb Code     6  stm32f4xx_it.o(i.USART1_IRQHandler)
    USBD_CDC_GetDeviceQualifierDescriptor    0x08002215   Thumb Code     8  usbd_cdc.o(i.USBD_CDC_GetDeviceQualifierDescriptor)
    USBD_CDC_ReceivePacket                   0x080023f1   Thumb Code    50  usbd_cdc.o(i.USBD_CDC_ReceivePacket)
    USBD_CDC_RegisterInterface               0x08002429   Thumb Code    22  usbd_cdc.o(i.USBD_CDC_RegisterInterface)
    USBD_CDC_SetRxBuffer                     0x0800243f   Thumb Code    26  usbd_cdc.o(i.USBD_CDC_SetRxBuffer)
    USBD_CDC_SetTxBuffer                     0x08002459   Thumb Code    30  usbd_cdc.o(i.USBD_CDC_SetTxBuffer)
    USBD_CDC_TransmitPacket                  0x0800254d   Thumb Code    76  usbd_cdc.o(i.USBD_CDC_TransmitPacket)
    USBD_ClrClassConfig                      0x0800259d   Thumb Code    20  usbd_core.o(i.USBD_ClrClassConfig)
    USBD_CoreFindEP                          0x080025b1   Thumb Code     4  usbd_core.o(i.USBD_CoreFindEP)
    USBD_CoreFindIF                          0x080025b5   Thumb Code     4  usbd_core.o(i.USBD_CoreFindIF)
    USBD_CtlContinueRx                       0x080025b9   Thumb Code    16  usbd_ioreq.o(i.USBD_CtlContinueRx)
    USBD_CtlContinueSendData                 0x080025c9   Thumb Code    16  usbd_ioreq.o(i.USBD_CtlContinueSendData)
    USBD_CtlError                            0x080025d9   Thumb Code    22  usbd_ctlreq.o(i.USBD_CtlError)
    USBD_CtlPrepareRx                        0x080025ef   Thumb Code    30  usbd_ioreq.o(i.USBD_CtlPrepareRx)
    USBD_CtlReceiveStatus                    0x0800260d   Thumb Code    22  usbd_ioreq.o(i.USBD_CtlReceiveStatus)
    USBD_CtlSendData                         0x08002623   Thumb Code    26  usbd_ioreq.o(i.USBD_CtlSendData)
    USBD_CtlSendStatus                       0x0800263d   Thumb Code    22  usbd_ioreq.o(i.USBD_CtlSendStatus)
    USBD_FS_ConfigStrDescriptor              0x08002655   Thumb Code    16  usbd_desc.o(i.USBD_FS_ConfigStrDescriptor)
    USBD_FS_DeviceDescriptor                 0x08002675   Thumb Code     8  usbd_desc.o(i.USBD_FS_DeviceDescriptor)
    USBD_FS_InterfaceStrDescriptor           0x08002681   Thumb Code    16  usbd_desc.o(i.USBD_FS_InterfaceStrDescriptor)
    USBD_FS_LangIDStrDescriptor              0x080026a5   Thumb Code     8  usbd_desc.o(i.USBD_FS_LangIDStrDescriptor)
    USBD_FS_ManufacturerStrDescriptor        0x080026b1   Thumb Code    16  usbd_desc.o(i.USBD_FS_ManufacturerStrDescriptor)
    USBD_FS_ProductStrDescriptor             0x080026d9   Thumb Code    16  usbd_desc.o(i.USBD_FS_ProductStrDescriptor)
    USBD_FS_SerialStrDescriptor              0x080026f9   Thumb Code    48  usbd_desc.o(i.USBD_FS_SerialStrDescriptor)
    USBD_GetEpDesc                           0x08002817   Thumb Code    58  usbd_core.o(i.USBD_GetEpDesc)
    USBD_GetNextDesc                         0x08002851   Thumb Code    14  usbd_core.o(i.USBD_GetNextDesc)
    USBD_GetString                           0x0800285f   Thumb Code    72  usbd_ctlreq.o(i.USBD_GetString)
    USBD_Get_USB_Status                      0x080028a7   Thumb Code    24  usbd_conf.o(i.USBD_Get_USB_Status)
    USBD_Init                                0x080028bf   Thumb Code    38  usbd_core.o(i.USBD_Init)
    USBD_LL_ClearStallEP                     0x080028e5   Thumb Code    18  usbd_conf.o(i.USBD_LL_ClearStallEP)
    USBD_LL_CloseEP                          0x080028f7   Thumb Code    18  usbd_conf.o(i.USBD_LL_CloseEP)
    USBD_LL_DataInStage                      0x08002909   Thumb Code   182  usbd_core.o(i.USBD_LL_DataInStage)
    USBD_LL_DataOutStage                     0x080029bf   Thumb Code   142  usbd_core.o(i.USBD_LL_DataOutStage)
    USBD_LL_DevConnected                     0x08002a4d   Thumb Code     4  usbd_core.o(i.USBD_LL_DevConnected)
    USBD_LL_DevDisconnected                  0x08002a51   Thumb Code    30  usbd_core.o(i.USBD_LL_DevDisconnected)
    USBD_LL_GetRxDataSize                    0x08002a6f   Thumb Code     8  usbd_conf.o(i.USBD_LL_GetRxDataSize)
    USBD_LL_Init                             0x08002a79   Thumb Code    90  usbd_conf.o(i.USBD_LL_Init)
    USBD_LL_IsStallEP                        0x08002ad9   Thumb Code    32  usbd_conf.o(i.USBD_LL_IsStallEP)
    USBD_LL_IsoINIncomplete                  0x08002af9   Thumb Code    40  usbd_core.o(i.USBD_LL_IsoINIncomplete)
    USBD_LL_IsoOUTIncomplete                 0x08002b21   Thumb Code    40  usbd_core.o(i.USBD_LL_IsoOUTIncomplete)
    USBD_LL_OpenEP                           0x08002b49   Thumb Code    24  usbd_conf.o(i.USBD_LL_OpenEP)
    USBD_LL_PrepareReceive                   0x08002b61   Thumb Code    18  usbd_conf.o(i.USBD_LL_PrepareReceive)
    USBD_LL_Reset                            0x08002b73   Thumb Code    92  usbd_core.o(i.USBD_LL_Reset)
    USBD_LL_Resume                           0x08002bcf   Thumb Code    20  usbd_core.o(i.USBD_LL_Resume)
    USBD_LL_SOF                              0x08002be3   Thumb Code    26  usbd_core.o(i.USBD_LL_SOF)
    USBD_LL_SetSpeed                         0x08002bfd   Thumb Code     6  usbd_core.o(i.USBD_LL_SetSpeed)
    USBD_LL_SetUSBAddress                    0x08002c03   Thumb Code    18  usbd_conf.o(i.USBD_LL_SetUSBAddress)
    USBD_LL_SetupStage                       0x08002c15   Thumb Code    96  usbd_core.o(i.USBD_LL_SetupStage)
    USBD_LL_StallEP                          0x08002c75   Thumb Code    18  usbd_conf.o(i.USBD_LL_StallEP)
    USBD_LL_Start                            0x08002c87   Thumb Code    18  usbd_conf.o(i.USBD_LL_Start)
    USBD_LL_Suspend                          0x08002c99   Thumb Code    18  usbd_core.o(i.USBD_LL_Suspend)
    USBD_LL_Transmit                         0x08002cab   Thumb Code    18  usbd_conf.o(i.USBD_LL_Transmit)
    USBD_ParseSetupRequest                   0x08002cbd   Thumb Code    44  usbd_ctlreq.o(i.USBD_ParseSetupRequest)
    USBD_RegisterClass                       0x08002ce9   Thumb Code    58  usbd_core.o(i.USBD_RegisterClass)
    USBD_SetClassConfig                      0x08002d23   Thumb Code    20  usbd_core.o(i.USBD_SetClassConfig)
    USBD_Start                               0x08002df1   Thumb Code     4  usbd_core.o(i.USBD_Start)
    USBD_StdDevReq                           0x08002df5   Thumb Code   300  usbd_ctlreq.o(i.USBD_StdDevReq)
    USBD_StdEPReq                            0x08002f21   Thumb Code   352  usbd_ctlreq.o(i.USBD_StdEPReq)
    USBD_StdItfReq                           0x08003081   Thumb Code   114  usbd_ctlreq.o(i.USBD_StdItfReq)
    USBD_static_free                         0x080030f3   Thumb Code     2  usbd_conf.o(i.USBD_static_free)
    USBD_static_malloc                       0x080030f5   Thumb Code     4  usbd_conf.o(i.USBD_static_malloc)
    USB_ActivateEndpoint                     0x080030fd   Thumb Code   122  stm32f4xx_ll_usb.o(i.USB_ActivateEndpoint)
    USB_ActivateSetup                        0x0800317d   Thumb Code    28  stm32f4xx_ll_usb.o(i.USB_ActivateSetup)
    USB_CoreInit                             0x08003199   Thumb Code   112  stm32f4xx_ll_usb.o(i.USB_CoreInit)
    USB_DeactivateEndpoint                   0x0800324d   Thumb Code   194  stm32f4xx_ll_usb.o(i.USB_DeactivateEndpoint)
    USB_DevConnect                           0x08003319   Thumb Code    28  stm32f4xx_ll_usb.o(i.USB_DevConnect)
    USB_DevDisconnect                        0x08003335   Thumb Code    28  stm32f4xx_ll_usb.o(i.USB_DevDisconnect)
    USB_DevInit                              0x08003351   Thumb Code   362  stm32f4xx_ll_usb.o(i.USB_DevInit)
    USB_DisableGlobalInt                     0x080034c5   Thumb Code    12  stm32f4xx_ll_usb.o(i.USB_DisableGlobalInt)
    USB_EP0StartXfer                         0x080034d1   Thumb Code   280  stm32f4xx_ll_usb.o(i.USB_EP0StartXfer)
    USB_EP0_OutStart                         0x080035ed   Thumb Code    84  stm32f4xx_ll_usb.o(i.USB_EP0_OutStart)
    USB_EPClearStall                         0x08003645   Thumb Code    88  stm32f4xx_ll_usb.o(i.USB_EPClearStall)
    USB_EPSetStall                           0x0800369d   Thumb Code    88  stm32f4xx_ll_usb.o(i.USB_EPSetStall)
    USB_EPStartXfer                          0x080036f5   Thumb Code   480  stm32f4xx_ll_usb.o(i.USB_EPStartXfer)
    USB_EPStopXfer                           0x080038d9   Thumb Code   158  stm32f4xx_ll_usb.o(i.USB_EPStopXfer)
    USB_EnableGlobalInt                      0x08003977   Thumb Code    12  stm32f4xx_ll_usb.o(i.USB_EnableGlobalInt)
    USB_FlushRxFifo                          0x08003985   Thumb Code    54  stm32f4xx_ll_usb.o(i.USB_FlushRxFifo)
    USB_FlushTxFifo                          0x080039c1   Thumb Code    58  stm32f4xx_ll_usb.o(i.USB_FlushTxFifo)
    USB_GetDevSpeed                          0x08003a01   Thumb Code    26  stm32f4xx_ll_usb.o(i.USB_GetDevSpeed)
    USB_GetMode                              0x08003a1b   Thumb Code     8  stm32f4xx_ll_usb.o(i.USB_GetMode)
    USB_ReadDevAllInEpInterrupt              0x08003a23   Thumb Code    14  stm32f4xx_ll_usb.o(i.USB_ReadDevAllInEpInterrupt)
    USB_ReadDevAllOutEpInterrupt             0x08003a31   Thumb Code    14  stm32f4xx_ll_usb.o(i.USB_ReadDevAllOutEpInterrupt)
    USB_ReadDevInEPInterrupt                 0x08003a3f   Thumb Code    36  stm32f4xx_ll_usb.o(i.USB_ReadDevInEPInterrupt)
    USB_ReadDevOutEPInterrupt                0x08003a63   Thumb Code    16  stm32f4xx_ll_usb.o(i.USB_ReadDevOutEPInterrupt)
    USB_ReadInterrupts                       0x08003a73   Thumb Code     8  stm32f4xx_ll_usb.o(i.USB_ReadInterrupts)
    USB_ReadPacket                           0x08003a7b   Thumb Code    62  stm32f4xx_ll_usb.o(i.USB_ReadPacket)
    USB_SetCurrentMode                       0x08003ab9   Thumb Code    92  stm32f4xx_ll_usb.o(i.USB_SetCurrentMode)
    USB_SetDevAddress                        0x08003b15   Thumb Code    34  stm32f4xx_ll_usb.o(i.USB_SetDevAddress)
    USB_SetTurnaroundTime                    0x08003b39   Thumb Code   158  stm32f4xx_ll_usb.o(i.USB_SetTurnaroundTime)
    USB_WritePacket                          0x08003c21   Thumb Code    40  stm32f4xx_ll_usb.o(i.USB_WritePacket)
    UsageFault_Handler                       0x08003c49   Thumb Code     2  stm32f4xx_it.o(i.UsageFault_Handler)
    __0printf$3                              0x08003c4d   Thumb Code    22  printf3.o(i.__0printf$3)
    __1printf$3                              0x08003c4d   Thumb Code     0  printf3.o(i.__0printf$3)
    __2printf                                0x08003c4d   Thumb Code     0  printf3.o(i.__0printf$3)
    __scatterload_copy                       0x08003c8d   Thumb Code    14  handlers.o(i.__scatterload_copy)
    __scatterload_null                       0x08003c9b   Thumb Code     2  handlers.o(i.__scatterload_null)
    __scatterload_zeroinit                   0x08003c9d   Thumb Code    14  handlers.o(i.__scatterload_zeroinit)
    delay_ms                                 0x08003e65   Thumb Code    26  main.o(i.delay_ms)
    fputc                                    0x08003e81   Thumb Code    14  usart.o(i.fputc)
    main                                     0x08003e95   Thumb Code    94  main.o(i.main)
    AHBPrescTable                            0x08003f30   Data          16  system_stm32f4xx.o(.constdata)
    APBPrescTable                            0x08003f40   Data           8  system_stm32f4xx.o(.constdata)
    Region$$Table$$Base                      0x08004adc   Number         0  anon$$obj.o(Region$$Table)
    Region$$Table$$Limit                     0x08004afc   Number         0  anon$$obj.o(Region$$Table)
    __stdout                                 0x20000000   Data           4  usart.o(.data)
    FS_Desc                                  0x20000004   Data          28  usbd_desc.o(.data)
    USBD_LangIDDesc                          0x20000020   Data           4  usbd_desc.o(.data)
    USBD_FS_DeviceDesc                       0x20000024   Data          18  usbd_desc.o(.data)
    USBD_StringSerial                        0x20000038   Data          26  usbd_desc.o(.data)
    USBD_Interface_fops_FS                   0x20000054   Data          20  usbd_cdc_if.o(.data)
    complete_rec                             0x20000068   Data           1  usbd_cdc_if.o(.data)
    uwTickFreq                               0x20000070   Data           1  stm32f4xx_hal.o(.data)
    uwTickPrio                               0x20000074   Data           4  stm32f4xx_hal.o(.data)
    uwTick                                   0x20000078   Data           4  stm32f4xx_hal.o(.data)
    SystemCoreClock                          0x2000007c   Data           4  system_stm32f4xx.o(.data)
    USBD_CDC                                 0x200000d8   Data          56  usbd_cdc.o(.data)
    huart1                                   0x20000110   Data          68  usart.o(.bss)
    hUsbDeviceFS                             0x20000154   Data         732  usb_device.o(.bss)
    USBD_StrDesc                             0x20000430   Data         512  usbd_desc.o(.bss)
    UserRxBufferFS                           0x20000630   Data        2048  usbd_cdc_if.o(.bss)
    UserTxBufferFS                           0x20000e30   Data        2048  usbd_cdc_if.o(.bss)
    CDC_Receive_Buffer                       0x20001630   Data        3076  usbd_cdc_if.o(.bss)
    hpcd_USB_OTG_FS                          0x20002454   Data        1292  usbd_conf.o(.bss)
    __initial_sp                             0x20003960   Data           0  startup_stm32f407xx.o(STACK)



==============================================================================

Memory Map of the image

  Image Entry point : 0x08000189

  Load Region LR_IROM1 (Base: 0x08000000, Size: 0x00004c0c, Max: 0x00100000, ABSOLUTE)

    Execution Region ER_IROM1 (Exec base: 0x08000000, Load base: 0x08000000, Size: 0x00004afc, Max: 0x00100000, ABSOLUTE)

    Exec Addr    Load Addr    Size         Type   Attr      Idx    E Section Name        Object

    0x08000000   0x08000000   0x00000188   Data   RO            3    RESET               startup_stm32f407xx.o
    0x08000188   0x08000188   0x00000000   Code   RO         3319  * .ARM.Collect$$$$00000000  mc_w.l(entry.o)
    0x08000188   0x08000188   0x00000004   Code   RO         3591    .ARM.Collect$$$$00000001  mc_w.l(entry2.o)
    0x0800018c   0x0800018c   0x00000004   Code   RO         3594    .ARM.Collect$$$$00000004  mc_w.l(entry5.o)
    0x08000190   0x08000190   0x00000000   Code   RO         3596    .ARM.Collect$$$$00000008  mc_w.l(entry7b.o)
    0x08000190   0x08000190   0x00000000   Code   RO         3598    .ARM.Collect$$$$0000000A  mc_w.l(entry8b.o)
    0x08000190   0x08000190   0x00000008   Code   RO         3599    .ARM.Collect$$$$0000000B  mc_w.l(entry9a.o)
    0x08000198   0x08000198   0x00000000   Code   RO         3601    .ARM.Collect$$$$0000000D  mc_w.l(entry10a.o)
    0x08000198   0x08000198   0x00000000   Code   RO         3603    .ARM.Collect$$$$0000000F  mc_w.l(entry11a.o)
    0x08000198   0x08000198   0x00000004   Code   RO         3592    .ARM.Collect$$$$00002712  mc_w.l(entry2.o)
    0x0800019c   0x0800019c   0x00000024   Code   RO            4    .text               startup_stm32f407xx.o
    0x080001c0   0x080001c0   0x00000062   Code   RO         3322    .text               mc_w.l(uldiv.o)
    0x08000222   0x08000222   0x00000024   Code   RO         3324    .text               mc_w.l(memcpya.o)
    0x08000246   0x08000246   0x00000024   Code   RO         3326    .text               mc_w.l(memseta.o)
    0x0800026a   0x0800026a   0x0000002c   Code   RO         3605    .text               mc_w.l(uidiv.o)
    0x08000296   0x08000296   0x0000001e   Code   RO         3607    .text               mc_w.l(llshl.o)
    0x080002b4   0x080002b4   0x00000020   Code   RO         3609    .text               mc_w.l(llushr.o)
    0x080002d4   0x080002d4   0x00000024   Code   RO         3622    .text               mc_w.l(init.o)
    0x080002f8   0x080002f8   0x00000002   Code   RO          281    i.BusFault_Handler  stm32f4xx_it.o
    0x080002fa   0x080002fa   0x00000004   Code   RO          510    i.CDC_Control_FS    usbd_cdc_if.o
    0x080002fe   0x080002fe   0x00000004   Code   RO          511    i.CDC_DeInit_FS     usbd_cdc_if.o
    0x08000302   0x08000302   0x00000002   PAD
    0x08000304   0x08000304   0x00000024   Code   RO          512    i.CDC_Init_FS       usbd_cdc_if.o
    0x08000328   0x08000328   0x00000064   Code   RO          513    i.CDC_Receive_FS    usbd_cdc_if.o
    0x0800038c   0x0800038c   0x00000004   Code   RO          514    i.CDC_TransmitCplt_FS  usbd_cdc_if.o
    0x08000390   0x08000390   0x0000002c   Code   RO          515    i.CDC_Transmit_FS   usbd_cdc_if.o
    0x080003bc   0x080003bc   0x00000002   Code   RO          282    i.DebugMon_Handler  stm32f4xx_it.o
    0x080003be   0x080003be   0x00000004   Code   RO           13    i.Error_Handler     main.o
    0x080003c2   0x080003c2   0x00000092   Code   RO         1823    i.HAL_DMA_Abort     stm32f4xx_hal_dma.o
    0x08000454   0x08000454   0x00000024   Code   RO         1824    i.HAL_DMA_Abort_IT  stm32f4xx_hal_dma.o
    0x08000478   0x08000478   0x00000024   Code   RO         2242    i.HAL_Delay         stm32f4xx_hal.o
    0x0800049c   0x0800049c   0x000001f0   Code   RO         1716    i.HAL_GPIO_Init     stm32f4xx_hal_gpio.o
    0x0800068c   0x0800068c   0x0000000c   Code   RO         2248    i.HAL_GetTick       stm32f4xx_hal.o
    0x08000698   0x08000698   0x00000010   Code   RO         2254    i.HAL_IncTick       stm32f4xx_hal.o
    0x080006a8   0x080006a8   0x00000034   Code   RO         2255    i.HAL_Init          stm32f4xx_hal.o
    0x080006dc   0x080006dc   0x00000040   Code   RO         2256    i.HAL_InitTick      stm32f4xx_hal.o
    0x0800071c   0x0800071c   0x00000030   Code   RO          369    i.HAL_MspInit       stm32f4xx_hal_msp.o
    0x0800074c   0x0800074c   0x0000001a   Code   RO         2105    i.HAL_NVIC_EnableIRQ  stm32f4xx_hal_cortex.o
    0x08000766   0x08000766   0x00000002   PAD
    0x08000768   0x08000768   0x00000040   Code   RO         2111    i.HAL_NVIC_SetPriority  stm32f4xx_hal_cortex.o
    0x080007a8   0x080007a8   0x00000024   Code   RO         2112    i.HAL_NVIC_SetPriorityGrouping  stm32f4xx_hal_cortex.o
    0x080007cc   0x080007cc   0x00000002   Code   RO         1015    i.HAL_PCDEx_LPM_Callback  stm32f4xx_hal_pcd_ex.o
    0x080007ce   0x080007ce   0x00000008   Code   RO         1016    i.HAL_PCDEx_SetRxFiFo  stm32f4xx_hal_pcd_ex.o
    0x080007d6   0x080007d6   0x00000044   Code   RO         1017    i.HAL_PCDEx_SetTxFiFo  stm32f4xx_hal_pcd_ex.o
    0x0800081a   0x0800081a   0x00000008   Code   RO          569    i.HAL_PCD_ConnectCallback  usbd_conf.o
    0x08000822   0x08000822   0x00000012   Code   RO          570    i.HAL_PCD_DataInStageCallback  usbd_conf.o
    0x08000834   0x08000834   0x00000014   Code   RO          571    i.HAL_PCD_DataOutStageCallback  usbd_conf.o
    0x08000848   0x08000848   0x00000008   Code   RO          572    i.HAL_PCD_DisconnectCallback  usbd_conf.o
    0x08000850   0x08000850   0x0000001e   Code   RO          785    i.HAL_PCD_EP_Abort  stm32f4xx_hal_pcd.o
    0x0800086e   0x0800086e   0x0000004c   Code   RO          786    i.HAL_PCD_EP_Close  stm32f4xx_hal_pcd.o
    0x080008ba   0x080008ba   0x0000005c   Code   RO          787    i.HAL_PCD_EP_ClrStall  stm32f4xx_hal_pcd.o
    0x08000916   0x08000916   0x00000012   Code   RO          789    i.HAL_PCD_EP_GetRxCount  stm32f4xx_hal_pcd.o
    0x08000928   0x08000928   0x00000060   Code   RO          790    i.HAL_PCD_EP_Open   stm32f4xx_hal_pcd.o
    0x08000988   0x08000988   0x00000048   Code   RO          791    i.HAL_PCD_EP_Receive  stm32f4xx_hal_pcd.o
    0x080009d0   0x080009d0   0x00000074   Code   RO          792    i.HAL_PCD_EP_SetStall  stm32f4xx_hal_pcd.o
    0x08000a44   0x08000a44   0x00000040   Code   RO          793    i.HAL_PCD_EP_Transmit  stm32f4xx_hal_pcd.o
    0x08000a84   0x08000a84   0x00000560   Code   RO          795    i.HAL_PCD_IRQHandler  stm32f4xx_hal_pcd.o
    0x08000fe4   0x08000fe4   0x00000008   Code   RO          573    i.HAL_PCD_ISOINIncompleteCallback  usbd_conf.o
    0x08000fec   0x08000fec   0x00000008   Code   RO          574    i.HAL_PCD_ISOOUTIncompleteCallback  usbd_conf.o
    0x08000ff4   0x08000ff4   0x000000e2   Code   RO          798    i.HAL_PCD_Init      stm32f4xx_hal_pcd.o
    0x080010d6   0x080010d6   0x00000002   PAD
    0x080010d8   0x080010d8   0x000000b4   Code   RO          576    i.HAL_PCD_MspInit   usbd_conf.o
    0x0800118c   0x0800118c   0x0000002c   Code   RO          577    i.HAL_PCD_ResetCallback  usbd_conf.o
    0x080011b8   0x080011b8   0x00000008   Code   RO          578    i.HAL_PCD_ResumeCallback  usbd_conf.o
    0x080011c0   0x080011c0   0x00000008   Code   RO          579    i.HAL_PCD_SOFCallback  usbd_conf.o
    0x080011c8   0x080011c8   0x00000028   Code   RO          804    i.HAL_PCD_SetAddress  stm32f4xx_hal_pcd.o
    0x080011f0   0x080011f0   0x0000000e   Code   RO          580    i.HAL_PCD_SetupStageCallback  usbd_conf.o
    0x080011fe   0x080011fe   0x00000042   Code   RO          807    i.HAL_PCD_Start     stm32f4xx_hal_pcd.o
    0x08001240   0x08001240   0x00000030   Code   RO          581    i.HAL_PCD_SuspendCallback  usbd_conf.o
    0x08001270   0x08001270   0x00000134   Code   RO         1362    i.HAL_RCC_ClockConfig  stm32f4xx_hal_rcc.o
    0x080013a4   0x080013a4   0x0000000c   Code   RO         1367    i.HAL_RCC_GetHCLKFreq  stm32f4xx_hal_rcc.o
    0x080013b0   0x080013b0   0x00000020   Code   RO         1369    i.HAL_RCC_GetPCLK1Freq  stm32f4xx_hal_rcc.o
    0x080013d0   0x080013d0   0x00000020   Code   RO         1370    i.HAL_RCC_GetPCLK2Freq  stm32f4xx_hal_rcc.o
    0x080013f0   0x080013f0   0x00000060   Code   RO         1371    i.HAL_RCC_GetSysClockFreq  stm32f4xx_hal_rcc.o
    0x08001450   0x08001450   0x0000036c   Code   RO         1374    i.HAL_RCC_OscConfig  stm32f4xx_hal_rcc.o
    0x080017bc   0x080017bc   0x00000028   Code   RO         2116    i.HAL_SYSTICK_Config  stm32f4xx_hal_cortex.o
    0x080017e4   0x080017e4   0x00000002   Code   RO         2540    i.HAL_UARTEx_RxEventCallback  stm32f4xx_hal_uart.o
    0x080017e6   0x080017e6   0x00000002   Code   RO         2554    i.HAL_UART_ErrorCallback  stm32f4xx_hal_uart.o
    0x080017e8   0x080017e8   0x00000268   Code   RO         2557    i.HAL_UART_IRQHandler  stm32f4xx_hal_uart.o
    0x08001a50   0x08001a50   0x00000062   Code   RO         2558    i.HAL_UART_Init     stm32f4xx_hal_uart.o
    0x08001ab2   0x08001ab2   0x00000002   PAD
    0x08001ab4   0x08001ab4   0x0000007c   Code   RO          223    i.HAL_UART_MspInit  usart.o
    0x08001b30   0x08001b30   0x00000002   Code   RO         2564    i.HAL_UART_RxCpltCallback  stm32f4xx_hal_uart.o
    0x08001b32   0x08001b32   0x00000002   Code   RO         2569    i.HAL_UART_TxCpltCallback  stm32f4xx_hal_uart.o
    0x08001b34   0x08001b34   0x00000002   Code   RO          283    i.HardFault_Handler  stm32f4xx_it.o
    0x08001b36   0x08001b36   0x00000002   PAD
    0x08001b38   0x08001b38   0x00000038   Code   RO          424    i.IntToUnicode      usbd_desc.o
    0x08001b70   0x08001b70   0x0000002c   Code   RO          198    i.MX_GPIO_Init      gpio.o
    0x08001b9c   0x08001b9c   0x00000038   Code   RO          224    i.MX_USART1_UART_Init  usart.o
    0x08001bd4   0x08001bd4   0x00000054   Code   RO          393    i.MX_USB_DEVICE_Init  usb_device.o
    0x08001c28   0x08001c28   0x00000002   Code   RO          284    i.MemManage_Handler  stm32f4xx_it.o
    0x08001c2a   0x08001c2a   0x00000002   Code   RO          285    i.NMI_Handler       stm32f4xx_it.o
    0x08001c2c   0x08001c2c   0x0000000c   Code   RO          286    i.OTG_FS_IRQHandler  stm32f4xx_it.o
    0x08001c38   0x08001c38   0x000000cc   Code   RO          811    i.PCD_EP_OutXfrComplete_int  stm32f4xx_hal_pcd.o
    0x08001d04   0x08001d04   0x000000a2   Code   RO          812    i.PCD_WriteEmptyTxFifo  stm32f4xx_hal_pcd.o
    0x08001da6   0x08001da6   0x00000002   Code   RO          287    i.PendSV_Handler    stm32f4xx_it.o
    0x08001da8   0x08001da8   0x00000002   Code   RO          288    i.SVC_Handler       stm32f4xx_it.o
    0x08001daa   0x08001daa   0x0000000a   Code   RO         3083    i.SWAPBYTE          usbd_ctlreq.o
    0x08001db4   0x08001db4   0x00000004   Code   RO          289    i.SysTick_Handler   stm32f4xx_it.o
    0x08001db8   0x08001db8   0x00000098   Code   RO           14    i.SystemClock_Config  main.o
    0x08001e50   0x08001e50   0x00000010   Code   RO         2887    i.SystemInit        system_stm32f4xx.o
    0x08001e60   0x08001e60   0x00000010   Code   RO         2571    i.UART_DMAAbortOnError  stm32f4xx_hal_uart.o
    0x08001e70   0x08001e70   0x0000004e   Code   RO         2581    i.UART_EndRxTransfer  stm32f4xx_hal_uart.o
    0x08001ebe   0x08001ebe   0x000000c0   Code   RO         2583    i.UART_Receive_IT   stm32f4xx_hal_uart.o
    0x08001f7e   0x08001f7e   0x00000002   PAD
    0x08001f80   0x08001f80   0x0000010c   Code   RO         2584    i.UART_SetConfig    stm32f4xx_hal_uart.o
    0x0800208c   0x0800208c   0x0000000c   Code   RO          290    i.USART1_IRQHandler  stm32f4xx_it.o
    0x08002098   0x08002098   0x00000076   Code   RO         3216    i.USBD_CDC_DataIn   usbd_cdc.o
    0x0800210e   0x0800210e   0x0000003c   Code   RO         3217    i.USBD_CDC_DataOut  usbd_cdc.o
    0x0800214a   0x0800214a   0x00000002   PAD
    0x0800214c   0x0800214c   0x00000090   Code   RO         3218    i.USBD_CDC_DeInit   usbd_cdc.o
    0x080021dc   0x080021dc   0x00000036   Code   RO         3219    i.USBD_CDC_EP0_RxReady  usbd_cdc.o
    0x08002212   0x08002212   0x00000002   PAD
    0x08002214   0x08002214   0x0000000c   Code   RO         3220    i.USBD_CDC_GetDeviceQualifierDescriptor  usbd_cdc.o
    0x08002220   0x08002220   0x0000003c   Code   RO         3221    i.USBD_CDC_GetFSCfgDesc  usbd_cdc.o
    0x0800225c   0x0800225c   0x00000040   Code   RO         3222    i.USBD_CDC_GetHSCfgDesc  usbd_cdc.o
    0x0800229c   0x0800229c   0x0000003c   Code   RO         3223    i.USBD_CDC_GetOtherSpeedCfgDesc  usbd_cdc.o
    0x080022d8   0x080022d8   0x00000118   Code   RO         3224    i.USBD_CDC_Init     usbd_cdc.o
    0x080023f0   0x080023f0   0x00000038   Code   RO         3225    i.USBD_CDC_ReceivePacket  usbd_cdc.o
    0x08002428   0x08002428   0x00000016   Code   RO         3226    i.USBD_CDC_RegisterInterface  usbd_cdc.o
    0x0800243e   0x0800243e   0x0000001a   Code   RO         3227    i.USBD_CDC_SetRxBuffer  usbd_cdc.o
    0x08002458   0x08002458   0x0000001e   Code   RO         3228    i.USBD_CDC_SetTxBuffer  usbd_cdc.o
    0x08002476   0x08002476   0x000000d4   Code   RO         3229    i.USBD_CDC_Setup    usbd_cdc.o
    0x0800254a   0x0800254a   0x00000002   PAD
    0x0800254c   0x0800254c   0x00000050   Code   RO         3230    i.USBD_CDC_TransmitPacket  usbd_cdc.o
    0x0800259c   0x0800259c   0x00000014   Code   RO         2924    i.USBD_ClrClassConfig  usbd_core.o
    0x080025b0   0x080025b0   0x00000004   Code   RO         2925    i.USBD_CoreFindEP   usbd_core.o
    0x080025b4   0x080025b4   0x00000004   Code   RO         2926    i.USBD_CoreFindIF   usbd_core.o
    0x080025b8   0x080025b8   0x00000010   Code   RO         3156    i.USBD_CtlContinueRx  usbd_ioreq.o
    0x080025c8   0x080025c8   0x00000010   Code   RO         3157    i.USBD_CtlContinueSendData  usbd_ioreq.o
    0x080025d8   0x080025d8   0x00000016   Code   RO         3084    i.USBD_CtlError     usbd_ctlreq.o
    0x080025ee   0x080025ee   0x0000001e   Code   RO         3158    i.USBD_CtlPrepareRx  usbd_ioreq.o
    0x0800260c   0x0800260c   0x00000016   Code   RO         3159    i.USBD_CtlReceiveStatus  usbd_ioreq.o
    0x08002622   0x08002622   0x0000001a   Code   RO         3160    i.USBD_CtlSendData  usbd_ioreq.o
    0x0800263c   0x0800263c   0x00000016   Code   RO         3161    i.USBD_CtlSendStatus  usbd_ioreq.o
    0x08002652   0x08002652   0x00000002   PAD
    0x08002654   0x08002654   0x00000020   Code   RO          425    i.USBD_FS_ConfigStrDescriptor  usbd_desc.o
    0x08002674   0x08002674   0x0000000c   Code   RO          426    i.USBD_FS_DeviceDescriptor  usbd_desc.o
    0x08002680   0x08002680   0x00000024   Code   RO          427    i.USBD_FS_InterfaceStrDescriptor  usbd_desc.o
    0x080026a4   0x080026a4   0x0000000c   Code   RO          428    i.USBD_FS_LangIDStrDescriptor  usbd_desc.o
    0x080026b0   0x080026b0   0x00000028   Code   RO          429    i.USBD_FS_ManufacturerStrDescriptor  usbd_desc.o
    0x080026d8   0x080026d8   0x00000020   Code   RO          430    i.USBD_FS_ProductStrDescriptor  usbd_desc.o
    0x080026f8   0x080026f8   0x00000038   Code   RO          431    i.USBD_FS_SerialStrDescriptor  usbd_desc.o
    0x08002730   0x08002730   0x000000e6   Code   RO         3085    i.USBD_GetDescriptor  usbd_ctlreq.o
    0x08002816   0x08002816   0x0000003a   Code   RO         2928    i.USBD_GetEpDesc    usbd_core.o
    0x08002850   0x08002850   0x0000000e   Code   RO         2929    i.USBD_GetNextDesc  usbd_core.o
    0x0800285e   0x0800285e   0x00000048   Code   RO         3086    i.USBD_GetString    usbd_ctlreq.o
    0x080028a6   0x080028a6   0x00000018   Code   RO          582    i.USBD_Get_USB_Status  usbd_conf.o
    0x080028be   0x080028be   0x00000026   Code   RO         2930    i.USBD_Init         usbd_core.o
    0x080028e4   0x080028e4   0x00000012   Code   RO          583    i.USBD_LL_ClearStallEP  usbd_conf.o
    0x080028f6   0x080028f6   0x00000012   Code   RO          584    i.USBD_LL_CloseEP   usbd_conf.o
    0x08002908   0x08002908   0x000000b6   Code   RO         2931    i.USBD_LL_DataInStage  usbd_core.o
    0x080029be   0x080029be   0x0000008e   Code   RO         2932    i.USBD_LL_DataOutStage  usbd_core.o
    0x08002a4c   0x08002a4c   0x00000004   Code   RO         2933    i.USBD_LL_DevConnected  usbd_core.o
    0x08002a50   0x08002a50   0x0000001e   Code   RO         2934    i.USBD_LL_DevDisconnected  usbd_core.o
    0x08002a6e   0x08002a6e   0x00000008   Code   RO          588    i.USBD_LL_GetRxDataSize  usbd_conf.o
    0x08002a76   0x08002a76   0x00000002   PAD
    0x08002a78   0x08002a78   0x00000060   Code   RO          589    i.USBD_LL_Init      usbd_conf.o
    0x08002ad8   0x08002ad8   0x00000020   Code   RO          590    i.USBD_LL_IsStallEP  usbd_conf.o
    0x08002af8   0x08002af8   0x00000028   Code   RO         2935    i.USBD_LL_IsoINIncomplete  usbd_core.o
    0x08002b20   0x08002b20   0x00000028   Code   RO         2936    i.USBD_LL_IsoOUTIncomplete  usbd_core.o
    0x08002b48   0x08002b48   0x00000018   Code   RO          591    i.USBD_LL_OpenEP    usbd_conf.o
    0x08002b60   0x08002b60   0x00000012   Code   RO          592    i.USBD_LL_PrepareReceive  usbd_conf.o
    0x08002b72   0x08002b72   0x0000005c   Code   RO         2937    i.USBD_LL_Reset     usbd_core.o
    0x08002bce   0x08002bce   0x00000014   Code   RO         2938    i.USBD_LL_Resume    usbd_core.o
    0x08002be2   0x08002be2   0x0000001a   Code   RO         2939    i.USBD_LL_SOF       usbd_core.o
    0x08002bfc   0x08002bfc   0x00000006   Code   RO         2940    i.USBD_LL_SetSpeed  usbd_core.o
    0x08002c02   0x08002c02   0x00000012   Code   RO          593    i.USBD_LL_SetUSBAddress  usbd_conf.o
    0x08002c14   0x08002c14   0x00000060   Code   RO         2941    i.USBD_LL_SetupStage  usbd_core.o
    0x08002c74   0x08002c74   0x00000012   Code   RO          594    i.USBD_LL_StallEP   usbd_conf.o
    0x08002c86   0x08002c86   0x00000012   Code   RO          595    i.USBD_LL_Start     usbd_conf.o
    0x08002c98   0x08002c98   0x00000012   Code   RO         2942    i.USBD_LL_Suspend   usbd_core.o
    0x08002caa   0x08002caa   0x00000012   Code   RO          597    i.USBD_LL_Transmit  usbd_conf.o
    0x08002cbc   0x08002cbc   0x0000002c   Code   RO         3087    i.USBD_ParseSetupRequest  usbd_ctlreq.o
    0x08002ce8   0x08002ce8   0x0000003a   Code   RO         2943    i.USBD_RegisterClass  usbd_core.o
    0x08002d22   0x08002d22   0x00000014   Code   RO         2945    i.USBD_SetClassConfig  usbd_core.o
    0x08002d36   0x08002d36   0x00000002   PAD
    0x08002d38   0x08002d38   0x000000b8   Code   RO         3088    i.USBD_SetConfig    usbd_ctlreq.o
    0x08002df0   0x08002df0   0x00000004   Code   RO         2946    i.USBD_Start        usbd_core.o
    0x08002df4   0x08002df4   0x0000012c   Code   RO         3089    i.USBD_StdDevReq    usbd_ctlreq.o
    0x08002f20   0x08002f20   0x00000160   Code   RO         3090    i.USBD_StdEPReq     usbd_ctlreq.o
    0x08003080   0x08003080   0x00000072   Code   RO         3091    i.USBD_StdItfReq    usbd_ctlreq.o
    0x080030f2   0x080030f2   0x00000002   Code   RO          598    i.USBD_static_free  usbd_conf.o
    0x080030f4   0x080030f4   0x00000008   Code   RO          599    i.USBD_static_malloc  usbd_conf.o
    0x080030fc   0x080030fc   0x00000080   Code   RO         1057    i.USB_ActivateEndpoint  stm32f4xx_ll_usb.o
    0x0800317c   0x0800317c   0x0000001c   Code   RO         1059    i.USB_ActivateSetup  stm32f4xx_ll_usb.o
    0x08003198   0x08003198   0x00000074   Code   RO         1061    i.USB_CoreInit      stm32f4xx_ll_usb.o
    0x0800320c   0x0800320c   0x00000040   Code   RO         1062    i.USB_CoreReset     stm32f4xx_ll_usb.o
    0x0800324c   0x0800324c   0x000000cc   Code   RO         1065    i.USB_DeactivateEndpoint  stm32f4xx_ll_usb.o
    0x08003318   0x08003318   0x0000001c   Code   RO         1066    i.USB_DevConnect    stm32f4xx_ll_usb.o
    0x08003334   0x08003334   0x0000001c   Code   RO         1067    i.USB_DevDisconnect  stm32f4xx_ll_usb.o
    0x08003350   0x08003350   0x00000174   Code   RO         1068    i.USB_DevInit       stm32f4xx_ll_usb.o
    0x080034c4   0x080034c4   0x0000000c   Code   RO         1069    i.USB_DisableGlobalInt  stm32f4xx_ll_usb.o
    0x080034d0   0x080034d0   0x0000011c   Code   RO         1072    i.USB_EP0StartXfer  stm32f4xx_ll_usb.o
    0x080035ec   0x080035ec   0x00000058   Code   RO         1073    i.USB_EP0_OutStart  stm32f4xx_ll_usb.o
    0x08003644   0x08003644   0x00000058   Code   RO         1074    i.USB_EPClearStall  stm32f4xx_ll_usb.o
    0x0800369c   0x0800369c   0x00000058   Code   RO         1075    i.USB_EPSetStall    stm32f4xx_ll_usb.o
    0x080036f4   0x080036f4   0x000001e4   Code   RO         1076    i.USB_EPStartXfer   stm32f4xx_ll_usb.o
    0x080038d8   0x080038d8   0x0000009e   Code   RO         1077    i.USB_EPStopXfer    stm32f4xx_ll_usb.o
    0x08003976   0x08003976   0x0000000c   Code   RO         1078    i.USB_EnableGlobalInt  stm32f4xx_ll_usb.o
    0x08003982   0x08003982   0x00000002   PAD
    0x08003984   0x08003984   0x0000003c   Code   RO         1079    i.USB_FlushRxFifo   stm32f4xx_ll_usb.o
    0x080039c0   0x080039c0   0x00000040   Code   RO         1080    i.USB_FlushTxFifo   stm32f4xx_ll_usb.o
    0x08003a00   0x08003a00   0x0000001a   Code   RO         1082    i.USB_GetDevSpeed   stm32f4xx_ll_usb.o
    0x08003a1a   0x08003a1a   0x00000008   Code   RO         1084    i.USB_GetMode       stm32f4xx_ll_usb.o
    0x08003a22   0x08003a22   0x0000000e   Code   RO         1091    i.USB_ReadDevAllInEpInterrupt  stm32f4xx_ll_usb.o
    0x08003a30   0x08003a30   0x0000000e   Code   RO         1092    i.USB_ReadDevAllOutEpInterrupt  stm32f4xx_ll_usb.o
    0x08003a3e   0x08003a3e   0x00000024   Code   RO         1093    i.USB_ReadDevInEPInterrupt  stm32f4xx_ll_usb.o
    0x08003a62   0x08003a62   0x00000010   Code   RO         1094    i.USB_ReadDevOutEPInterrupt  stm32f4xx_ll_usb.o
    0x08003a72   0x08003a72   0x00000008   Code   RO         1095    i.USB_ReadInterrupts  stm32f4xx_ll_usb.o
    0x08003a7a   0x08003a7a   0x0000003e   Code   RO         1096    i.USB_ReadPacket    stm32f4xx_ll_usb.o
    0x08003ab8   0x08003ab8   0x0000005c   Code   RO         1098    i.USB_SetCurrentMode  stm32f4xx_ll_usb.o
    0x08003b14   0x08003b14   0x00000022   Code   RO         1099    i.USB_SetDevAddress  stm32f4xx_ll_usb.o
    0x08003b36   0x08003b36   0x00000002   PAD
    0x08003b38   0x08003b38   0x000000e8   Code   RO         1101    i.USB_SetTurnaroundTime  stm32f4xx_ll_usb.o
    0x08003c20   0x08003c20   0x00000028   Code   RO         1104    i.USB_WritePacket   stm32f4xx_ll_usb.o
    0x08003c48   0x08003c48   0x00000002   Code   RO          291    i.UsageFault_Handler  stm32f4xx_it.o
    0x08003c4a   0x08003c4a   0x00000002   PAD
    0x08003c4c   0x08003c4c   0x00000020   Code   RO         3419    i.__0printf$3       mc_w.l(printf3.o)
    0x08003c6c   0x08003c6c   0x00000020   Code   RO         2118    i.__NVIC_SetPriority  stm32f4xx_hal_cortex.o
    0x08003c8c   0x08003c8c   0x0000000e   Code   RO         3630    i.__scatterload_copy  mc_w.l(handlers.o)
    0x08003c9a   0x08003c9a   0x00000002   Code   RO         3631    i.__scatterload_null  mc_w.l(handlers.o)
    0x08003c9c   0x08003c9c   0x0000000e   Code   RO         3632    i.__scatterload_zeroinit  mc_w.l(handlers.o)
    0x08003caa   0x08003caa   0x00000002   PAD
    0x08003cac   0x08003cac   0x000001b8   Code   RO         3426    i._printf_core      mc_w.l(printf3.o)
    0x08003e64   0x08003e64   0x0000001a   Code   RO           15    i.delay_ms          main.o
    0x08003e7e   0x08003e7e   0x00000002   PAD
    0x08003e80   0x08003e80   0x00000014   Code   RO          226    i.fputc             usart.o
    0x08003e94   0x08003e94   0x0000009c   Code   RO           16    i.main              main.o
    0x08003f30   0x08003f30   0x00000010   Data   RO         2888    .constdata          system_stm32f4xx.o
    0x08003f40   0x08003f40   0x00000008   Data   RO         2889    .constdata          system_stm32f4xx.o
    0x08003f48   0x08003f48   0x00000b91   Data   RO           17    .conststring        main.o
    0x08004ad9   0x08004ad9   0x00000003   PAD
    0x08004adc   0x08004adc   0x00000020   Data   RO         3628    Region$$Table       anon$$obj.o


    Execution Region RW_IRAM1 (Exec base: 0x20000000, Load base: 0x08004afc, Size: 0x00003960, Max: 0x0001c000, ABSOLUTE)

    Exec Addr    Load Addr    Size         Type   Attr      Idx    E Section Name        Object

    0x20000000   0x08004afc   0x00000004   Data   RW          228    .data               usart.o
    0x20000004   0x08004b00   0x0000001c   Data   RW          433    .data               usbd_desc.o
    0x20000020   0x08004b1c   0x00000032   Data   RW          434    .data               usbd_desc.o
    0x20000052   0x08004b4e   0x00000002   PAD
    0x20000054   0x08004b50   0x00000014   Data   RW          517    .data               usbd_cdc_if.o
    0x20000068   0x08004b64   0x00000008   Data   RW          518    .data               usbd_cdc_if.o
    0x20000070   0x08004b6c   0x0000000c   Data   RW         2262    .data               stm32f4xx_hal.o
    0x2000007c   0x08004b78   0x00000004   Data   RW         2890    .data               system_stm32f4xx.o
    0x20000080   0x08004b7c   0x00000001   Data   RW         3092    .data               usbd_ctlreq.o
    0x20000081   0x08004b7d   0x00000003   PAD
    0x20000084   0x08004b80   0x00000053   Data   RW         3231    .data               usbd_cdc.o
    0x200000d7   0x08004bd3   0x00000001   PAD
    0x200000d8   0x08004bd4   0x00000038   Data   RW         3232    .data               usbd_cdc.o
    0x20000110        -       0x00000044   Zero   RW          227    .bss                usart.o
    0x20000154        -       0x000002dc   Zero   RW          394    .bss                usb_device.o
    0x20000430        -       0x00000200   Zero   RW          432    .bss                usbd_desc.o
    0x20000630        -       0x00001c04   Zero   RW          516    .bss                usbd_cdc_if.o
    0x20002234        -       0x0000072c   Zero   RW          600    .bss                usbd_conf.o
    0x20002960        -       0x00001000   Zero   RW            1    STACK               startup_stm32f407xx.o


    Execution Region RW_IRAM2 (Exec base: 0x2001c000, Load base: 0x08004c0c, Size: 0x00000000, Max: 0x00004000, ABSOLUTE)

    **** No section assigned to this execution region ****


==============================================================================

Image component sizes


      Code (inc. data)   RO Data    RW Data    ZI Data      Debug   Object Name

        44          6          0          0          0        811   gpio.o
       338         72       2961          0          0     675712   main.o
        36          8        392          0       4096        836   startup_stm32f407xx.o
       180         28          0         12          0       9453   stm32f4xx_hal.o
       198         14          0          0          0      33983   stm32f4xx_hal_cortex.o
       182          0          0          0          0       2115   stm32f4xx_hal_dma.o
       496         46          0          0          0       1548   stm32f4xx_hal_gpio.o
        48          6          0          0          0        866   stm32f4xx_hal_msp.o
      2638         12          0          0          0      13788   stm32f4xx_hal_pcd.o
        78          0          0          0          0       2425   stm32f4xx_hal_pcd_ex.o
      1356         78          0          0          0       5764   stm32f4xx_hal_rcc.o
      1276         16          0          0          0       8380   stm32f4xx_hal_uart.o
        44         12          0          0          0       5170   stm32f4xx_it.o
      2888        134          0          0          0      24175   stm32f4xx_ll_usb.o
        16          4         24          4          0       1147   system_stm32f4xx.o
       200         28          0          4         68       3630   usart.o
        84         18          0          0        732        820   usb_device.o
      1278         36          0        139          0      14533   usbd_cdc.o
       192         40          0         28       7172       4347   usbd_cdc_if.o
       692         22          0          0       1836      17080   usbd_conf.o
       916          0          0          0          0      15583   usbd_core.o
      1328         28          0          1          0      14960   usbd_ctlreq.o
       276         92          0         78        512       6229   usbd_desc.o
       132          0          0          0          0       4568   usbd_ioreq.o

    ----------------------------------------------------------------------
     14948        700       3412        272      14416     867923   Object Totals
         0          0         32          0          0          0   (incl. Generated)
        32          0          3          6          0          0   (incl. Padding)

    ----------------------------------------------------------------------

      Code (inc. data)   RO Data    RW Data    ZI Data      Debug   Library Member Name

         0          0          0          0          0          0   entry.o
         0          0          0          0          0          0   entry10a.o
         0          0          0          0          0          0   entry11a.o
         8          4          0          0          0          0   entry2.o
         4          0          0          0          0          0   entry5.o
         0          0          0          0          0          0   entry7b.o
         0          0          0          0          0          0   entry8b.o
         8          4          0          0          0          0   entry9a.o
        30          0          0          0          0          0   handlers.o
        36          8          0          0          0         68   init.o
        30          0          0          0          0         68   llshl.o
        32          0          0          0          0         68   llushr.o
        36          0          0          0          0         68   memcpya.o
        36          0          0          0          0        108   memseta.o
       472         14          0          0          0        184   printf3.o
        44          0          0          0          0         80   uidiv.o
        98          0          0          0          0         92   uldiv.o

    ----------------------------------------------------------------------
       836         30          0          0          0        736   Library Totals
         2          0          0          0          0          0   (incl. Padding)

    ----------------------------------------------------------------------

      Code (inc. data)   RO Data    RW Data    ZI Data      Debug   Library Name

       834         30          0          0          0        736   mc_w.l

    ----------------------------------------------------------------------
       836         30          0          0          0        736   Library Totals

    ----------------------------------------------------------------------

==============================================================================


      Code (inc. data)   RO Data    RW Data    ZI Data      Debug   

     15784        730       3412        272      14416     850451   Grand Totals
     15784        730       3412        272      14416     850451   ELF Image Totals
     15784        730       3412        272          0          0   ROM Totals

==============================================================================

    Total RO  Size (Code + RO Data)                19196 (  18.75kB)
    Total RW  Size (RW Data + ZI Data)             14688 (  14.34kB)
    Total ROM Size (Code + RO Data + RW Data)      19468 (  19.01kB)

==============================================================================

